Microchip MPLAB XC8 Compiler V1.45 ()

Linker command line:

-W-3 --edf=C:\Program Files (x86)\Microchip\xc8\v1.45\dat\en_msgs.txt -cs \
  -h+dist/default/production\RTC_01.X.production.sym \
  --cmf=dist/default/production\RTC_01.X.production.cmf -z -Q18F8722 \
  -oC:\Users\Lenovo\AppData\Local\Temp\s680.2 \
  -Mdist/default/production/RTC_01.X.production.map -E1 -ver=XC8 \
  -ASTACK=060h-0f5fh -pstack=STACK -ACODE=00h-01FFFFh -ACONST=00h-01FFFFh \
  -ASMALLCONST=01000h-010FFhx496 \
  -AMEDIUMCONST=01000h-0FFFFh,011000h-01FFFFh -ACOMRAM=01h-05Fh \
  -AABS1=00h-0F5Fh -ABIGRAM=01h-0F5Fh \
  -ARAM=060h-0FFh,0100h-01FFhx14,0F00h-0F5Fh -ABANK0=060h-0FFh \
  -ABANK1=0100h-01FFh -ABANK2=0200h-02FFh -ABANK3=0300h-03FFh \
  -ABANK4=0400h-04FFh -ABANK5=0500h-05FFh -ABANK6=0600h-06FFh \
  -ABANK7=0700h-07FFh -ABANK8=0800h-08FFh -ABANK9=0900h-09FFh \
  -ABANK10=0A00h-0AFFh -ABANK11=0B00h-0BFFh -ABANK12=0C00h-0CFFh \
  -ABANK13=0D00h-0DFFh -ABANK14=0E00h-0EFFh -ABANK15=0F00h-0F5Fh \
  -ASFR=0F60h-0FFFh -preset_vec=00h,intcode=08h,intcodelo,powerup,init \
  -pramtop=01000h -psmallconst=SMALLCONST -pmediumconst=MEDIUMCONST \
  -pconst=CONST -AFARRAM=00h-00h -ACONFIG=0300000h-030000Dh -pconfig=CONFIG \
  -AIDLOC=0200000h-0200007h -pidloc=IDLOC -AEEDATA=0F00000h-0F003FFh \
  -peeprom_data=EEDATA \
  -prdata=COMRAM,nvrram=COMRAM,nvbit=COMRAM,rbss=COMRAM,rbit=COMRAM \
  -pfarbss=FARRAM,fardata=FARRAM,nvFARRAM=FARRAM \
  -pintsave_regs=BIGRAM,bigbss=BIGRAM,bigdata=BIGRAM -pbss=RAM \
  -pidata=CODE,irdata=CODE,ibigdata=CODE,ifardata=CODE -prparam=COMRAM \
  C:\Users\Lenovo\AppData\Local\Temp\s680.obj \
  dist/default/production\RTC_01.X.production.obj 

Object code version is 3.11

Machine type is 18F8722

Call graph: (short form)




                Name                               Link     Load   Length Selector   Space Scale
C:\Users\Lenovo\AppData\Local\Temp\s680.obj
                init                                  E        E        4        4       0
                reset_vec                             0        0        4        0       0
                idloc                            200000   200000        8   200000       0
                config                           300000   300000        E   300000       0
dist/default/production\RTC_01.X.production.obj
                intcode                               8        8        6        4       0
                temp                                 38       38        1        1       1
                smallconst                         1000     1000       FA      800       0
                text32                             1B90     1B90       10      87D       0
                intcode_body                       1456     1456       9C      87D       0
                text30                             1A3E     1A3E       32      87D       0
                text29                             1932     1932       50      87D       0
                text28                             1B28     1B28       1A      87D       0
                text27                             1758     1758       66      87D       0
                text26                             16F2     16F2       66      87D       0
                text25                             1A0C     1A0C       32      87D       0
                text24                             157C     157C       84      87D       0
                text23                             1682     1682       70      87D       0
                text22                             18E0     18E0       52      87D       0
                text21                             19CA     19CA       42      87D       0
                text20                             1A70     1A70       26      87D       0
                text19                             1AD4     1AD4       1E      87D       0
                text18                             1BA0     1BA0        C      87D       0
                text17                             1BB6     1BB6        A      87D       0
                text16                             10FA     10FA      26A      87D       0
                text15                             1364     1364       F2      87D       0
                text14                             14F2     14F2       8A      87D       0
                text13                             1600     1600       82      87D       0
                text12                             1882     1882       5E      87D       0
                text11                             17BE     17BE       64      87D       0
                text10                             1B7E     1B7E       12      87D       0
                text9                              1B0E     1B0E       1A      87D       0
                text8                              1822     1822       60      87D       0
                text7                              1982     1982       48      87D       0
                text6                              1B58     1B58       14      87D       0
                text5                              1BAC     1BAC        A      87D       0
                text4                              1AB6     1AB6       1E      87D       0
                text3                              1BC0     1BC0        4      87D       0
                text2                              1AF2     1AF2       1C      87D       0
                text1                              1B6C     1B6C       12      87D       0
                text0                              1A96     1A96       20      87D       0
                cstackCOMRAM                          1        1       2F        1       1
                bssCOMRAM                            30       30        8        1       1
                cinit                              1B42     1B42       16      87D       0

TOTAL           Name                               Link     Load   Length     Space
        CLASS   STACK          

        CLASS   CODE           
                intcode                               8        8        6         0
                init                                  E        E        4         0
                reset_vec                             0        0        4         0
                text32                             1B90     1B90       10         0
                intcode_body                       1456     1456       9C         0
                text30                             1A3E     1A3E       32         0
                text29                             1932     1932       50         0
                text28                             1B28     1B28       1A         0
                text27                             1758     1758       66         0
                text26                             16F2     16F2       66         0
                text25                             1A0C     1A0C       32         0
                text24                             157C     157C       84         0
                text23                             1682     1682       70         0
                text22                             18E0     18E0       52         0
                text21                             19CA     19CA       42         0
                text20                             1A70     1A70       26         0
                text19                             1AD4     1AD4       1E         0
                text18                             1BA0     1BA0        C         0
                text17                             1BB6     1BB6        A         0
                text16                             10FA     10FA      26A         0
                text15                             1364     1364       F2         0
                text14                             14F2     14F2       8A         0
                text13                             1600     1600       82         0
                text12                             1882     1882       5E         0
                text11                             17BE     17BE       64         0
                text10                             1B7E     1B7E       12         0
                text9                              1B0E     1B0E       1A         0
                text8                              1822     1822       60         0
                text7                              1982     1982       48         0
                text6                              1B58     1B58       14         0
                text5                              1BAC     1BAC        A         0
                text4                              1AB6     1AB6       1E         0
                text3                              1BC0     1BC0        4         0
                text2                              1AF2     1AF2       1C         0
                text1                              1B6C     1B6C       12         0
                text0                              1A96     1A96       20         0
                cinit                              1B42     1B42       16         0

        CLASS   CONST          

        CLASS   SMALLCONST     
                smallconst                         1000     1000       FA         0

        CLASS   MEDIUMCONST    

        CLASS   COMRAM         
                temp                                 38       38        1         1
                cstackCOMRAM                          1        1       2F         1
                bssCOMRAM                            30       30        8         1

        CLASS   ABS1           

        CLASS   BIGRAM         

        CLASS   RAM            

        CLASS   BANK0          

        CLASS   BANK1          

        CLASS   BANK2          

        CLASS   BANK3          

        CLASS   BANK4          

        CLASS   BANK5          

        CLASS   BANK6          

        CLASS   BANK7          

        CLASS   BANK8          

        CLASS   BANK9          

        CLASS   BANK10         

        CLASS   BANK11         

        CLASS   BANK12         

        CLASS   BANK13         

        CLASS   BANK14         

        CLASS   BANK15         

        CLASS   SFR            

        CLASS   FARRAM         

        CLASS   CONFIG         
                config                           300000   300000        E         0

        CLASS   IDLOC          
                idloc                            200000   200000        8         0

        CLASS   EEDATA         



SEGMENTS        Name                           Load    Length   Top    Selector   Space  Class

                reset_vec                      000000  000004  000004         0       0  CODE    
                cstackCOMRAM                   000001  000038  000039         1       1  COMRAM  
                intcode                        000008  00000A  000012         4       0  CODE    
                smallconst                     001000  0000FA  0010FA       800       0  SMALLCON
                text16                         0010FA  000ACA  001BC4       87D       0  CODE    
                idloc                          200000  000008  200008    200000       0  IDLOC   
                config                         300000  00000E  30000E    300000       0  CONFIG  


UNUSED ADDRESS RANGES

        Name                Unused          Largest block    Delta
        BANK0            000060-0000FF               A0
        BANK1            000100-0001FF              100
        BANK10           000A00-000AFF              100
        BANK11           000B00-000BFF              100
        BANK12           000C00-000CFF              100
        BANK13           000D00-000DFF              100
        BANK14           000E00-000EFF              100
        BANK15           000F00-000F5F               60
        BANK2            000200-0002FF              100
        BANK3            000300-0003FF              100
        BANK4            000400-0004FF              100
        BANK5            000500-0005FF              100
        BANK6            000600-0006FF              100
        BANK7            000700-0007FF              100
        BANK8            000800-0008FF              100
        BANK9            000900-0009FF              100
        BIGRAM           000039-000F5F              F27
        CODE             000004-000007                4
                         000012-000FFF              FEE
                         001BC4-01FFFF            1E43C
        COMRAM           000039-00005F               27
        CONST            000004-000007                4
                         000012-000FFF              FEE
                         001BC4-01FFFF            1E43C
        EEDATA           F00000-F003FF              400
        MEDIUMCONST      001BC4-00FFFF             E43C
                         011000-01FFFF             F000
        RAM              000060-000F5F              100
        SFR              000F60-000FFF               A0
        SMALLCONST       001BC4-01FFFF              100
        STACK            000060-000F5F              F00

                                  Symbol Table

?___awdiv                      cstackCOMRAM 000013
?___awmod                      cstackCOMRAM 000013
?___lwdiv                      cstackCOMRAM 000013
?___lwmod                      cstackCOMRAM 00001A
?___wmul                       cstackCOMRAM 000013
?_printf                       cstackCOMRAM 00001F
EUSART1_Write@txData           cstackCOMRAM 000013
IntroDelay@aux                 cstackCOMRAM 000017
IntroDelay@i                   cstackCOMRAM 000015
IntroDelay@n                   cstackCOMRAM 000016
LCDPutChar@ch                  cstackCOMRAM 000019
LCDPutInst@ch                  cstackCOMRAM 000019
LCDPutStr@ptr                  cstackCOMRAM 00001A
Port_BBSPIInit@port_dir        cstackCOMRAM 000016
SendByteBBSPI@bitcount         cstackCOMRAM 000014
SendByteBBSPI@input            cstackCOMRAM 000015
SendByteBBSPI@output           cstackCOMRAM 000013
WritePort_BBSPI@a              cstackCOMRAM 000016
WritePort_BBSPI@port_add       cstackCOMRAM 000017
_ADCON1bits                    (abs)        000FC1
_Clock                         text12       001882
_EUSART1_Initialize            text6        001B58
_EUSART1_Write                 text18       001BA0
_INTCONbits                    (abs)        000FF2
_InitBBSPI                     text10       001B7E
_InterruptInitialize           text5        001BAC
_InterruptManager              intcode      000008
_Intro                         text7        001982
_IntroDelay                    text11       0017BE
_LATA                          (abs)        000F89
_LATAbits                      (abs)        000F89
_LATB                          (abs)        000F8A
_LATCbits                      (abs)        000F8B
_LATFbits                      (abs)        000F8E
_LCDInit                       text8        001822
_LCDPutChar                    text26       0016F2
_LCDPutInst                    text27       001758
_LCDPutStr                     text25       001A0C
_PIE1bits                      (abs)        000F9D
_PIR1bits                      (abs)        000F9E
_PORTAbits                     (abs)        000F80
_PORTBbits                     (abs)        000F81
_PORTD                         (abs)        000F83
_PortInitialize                text4        001AB6
_Port_BBSPIInit                text9        001B0E
_RCONbits                      (abs)        000FD0
_RCREG                         (abs)        000FAE
_RCSTA                         (abs)        000FAB
_RCSTAbits                     (abs)        000FAB
_SPBRG                         (abs)        000FAF
_SWdelay                       text30       001A3E
_SendByteBBSPI                 text29       001932
_State                         bssCOMRAM    000036
_StateMachine                  bssCOMRAM    000030
_SysInitialize                 text1        001B6C
_T1CONbits                     (abs)        000FCD
_TMR1H                         (abs)        000FCF
_TMR1Initialize                text2        001AF2
_TMR1InterruptRoutine          text32       001B90
_TMR1L                         (abs)        000FCE
_TMR1Start                     text3        001BC0
_TRISAbits                     (abs)        000F92
_TRISBbits                     (abs)        000F93
_TRISCbits                     (abs)        000F94
_TRISD                         (abs)        000F95
_TRISFbits                     (abs)        000F97
_TXREG                         (abs)        000FAD
_TXSTA                         (abs)        000FAC
_Time                          bssCOMRAM    000031
_Timer1Flag                    bssCOMRAM    000037
_WritePort_BBSPI               text28       001B28
__CFG_ADDRBW$ADDR20BIT         (abs)        000000
__CFG_BBSIZ$BB2K               (abs)        000000
__CFG_BOREN$SBORDIS            (abs)        000000
__CFG_BORV$3                   (abs)        000000
__CFG_CCP2MX$PORTC             (abs)        000000
__CFG_CP0$OFF                  (abs)        000000
__CFG_CP1$OFF                  (abs)        000000
__CFG_CP2$OFF                  (abs)        000000
__CFG_CP3$OFF                  (abs)        000000
__CFG_CP4$OFF                  (abs)        000000
__CFG_CP5$OFF                  (abs)        000000
__CFG_CP6$OFF                  (abs)        000000
__CFG_CP7$OFF                  (abs)        000000
__CFG_CPB$OFF                  (abs)        000000
__CFG_CPD$OFF                  (abs)        000000
__CFG_DATABW$DATA16BIT         (abs)        000000
__CFG_EBTR0$OFF                (abs)        000000
__CFG_EBTR1$OFF                (abs)        000000
__CFG_EBTR2$OFF                (abs)        000000
__CFG_EBTR3$OFF                (abs)        000000
__CFG_EBTR4$OFF                (abs)        000000
__CFG_EBTR5$OFF                (abs)        000000
__CFG_EBTR6$OFF                (abs)        000000
__CFG_EBTR7$OFF                (abs)        000000
__CFG_EBTRB$OFF                (abs)        000000
__CFG_ECCPMX$PORTE             (abs)        000000
__CFG_FCMEN$OFF                (abs)        000000
__CFG_IESO$OFF                 (abs)        000000
__CFG_LPT1OSC$OFF              (abs)        000000
__CFG_LVP$OFF                  (abs)        000000
__CFG_MCLRE$ON                 (abs)        000000
__CFG_MODE$MC                  (abs)        000000
__CFG_OSC$HSPLL                (abs)        000000
__CFG_PWRT$ON                  (abs)        000000
__CFG_STVREN$ON                (abs)        000000
__CFG_WAIT$OFF                 (abs)        000000
__CFG_WDT$OFF                  (abs)        000000
__CFG_WDTPS$32768              (abs)        000000
__CFG_WRT0$OFF                 (abs)        000000
__CFG_WRT1$OFF                 (abs)        000000
__CFG_WRT2$OFF                 (abs)        000000
__CFG_WRT3$OFF                 (abs)        000000
__CFG_WRT4$OFF                 (abs)        000000
__CFG_WRT5$OFF                 (abs)        000000
__CFG_WRT6$OFF                 (abs)        000000
__CFG_WRT7$OFF                 (abs)        000000
__CFG_WRTB$OFF                 (abs)        000000
__CFG_WRTC$OFF                 (abs)        000000
__CFG_WRTD$OFF                 (abs)        000000
__CFG_XINST$OFF                (abs)        000000
__HRAM                         (abs)        000000
__Habs1                        abs1         000000
__Hbank0                       bank0        000000
__Hbank1                       bank1        000000
__Hbank10                      bank10       000000
__Hbank11                      bank11       000000
__Hbank12                      bank12       000000
__Hbank13                      bank13       000000
__Hbank14                      bank14       000000
__Hbank15                      bank15       000000
__Hbank2                       bank2        000000
__Hbank3                       bank3        000000
__Hbank4                       bank4        000000
__Hbank5                       bank5        000000
__Hbank6                       bank6        000000
__Hbank7                       bank7        000000
__Hbank8                       bank8        000000
__Hbank9                       bank9        000000
__Hbigbss                      bigbss       000000
__Hbigdata                     bigdata      000000
__Hbigram                      bigram       000000
__Hbss                         bss          000000
__HbssCOMRAM                   bssCOMRAM    000000
__Hcinit                       cinit        000000
__Hclrtext                     clrtext      000000
__Hcomram                      comram       000000
__Hconfig                      config       30000E
__Hconst                       const        000000
__HcstackCOMRAM                cstackCOMRAM 000000
__Hdata                        data         000000
__Heeprom_data                 eeprom_data  000000
__Hfarbss                      farbss       000000
__Hfardata                     fardata      000000
__Hibigdata                    ibigdata     000000
__Hidata                       idata        000000
__Hidloc                       idloc        200008
__Hifardata                    ifardata     000000
__Hinit                        init         000012
__Hintcode                     intcode      00000E
__Hintcode_body                intcode_body 000000
__Hintcodelo                   intcodelo    00000E
__Hintentry                    intentry     000000
__Hintret                      intret       000000
__Hintsave_regs                intsave_regs 000000
__Hirdata                      irdata       000000
__Hmediumconst                 mediumconst  000000
__HnvFARRAM                    nvFARRAM     000000
__Hnvbit                       nvbit        000000
__Hnvrram                      nvrram       000000
__Hparam                       rparam       000000
__Hpowerup                     powerup      00000E
__Hram                         ram          000000
__Hramtop                      ramtop       001000
__Hrbit                        rbit         000000
__Hrbss                        rbss         000000
__Hrdata                       rdata        000000
__Hreset_vec                   reset_vec    000004
__Hrparam                      rparam       000000
__Hsfr                         sfr          000000
__Hsmallconst                  smallconst   0010FA
__Hspace_0                     (abs)        30000E
__Hspace_1                     (abs)        000039
__Hspace_2                     (abs)        000000
__Hstack                       stack        000000
__Hstruct                      struct       000000
__Htemp                        temp         000039
__Htext                        text         000000
__Htext0                       text0        000000
__Htext1                       text1        000000
__Htext10                      text10       000000
__Htext11                      text11       000000
__Htext12                      text12       000000
__Htext13                      text13       000000
__Htext14                      text14       000000
__Htext15                      text15       000000
__Htext16                      text16       000000
__Htext17                      text17       000000
__Htext18                      text18       000000
__Htext19                      text19       000000
__Htext2                       text2        000000
__Htext20                      text20       000000
__Htext21                      text21       000000
__Htext22                      text22       000000
__Htext23                      text23       000000
__Htext24                      text24       000000
__Htext25                      text25       000000
__Htext26                      text26       000000
__Htext27                      text27       000000
__Htext28                      text28       000000
__Htext29                      text29       000000
__Htext3                       text3        000000
__Htext30                      text30       000000
__Htext32                      text32       000000
__Htext4                       text4        000000
__Htext5                       text5        000000
__Htext6                       text6        000000
__Htext7                       text7        000000
__Htext8                       text8        000000
__Htext9                       text9        000000
__LRAM                         (abs)        000001
__Labs1                        abs1         000000
__Lbank0                       bank0        000000
__Lbank1                       bank1        000000
__Lbank10                      bank10       000000
__Lbank11                      bank11       000000
__Lbank12                      bank12       000000
__Lbank13                      bank13       000000
__Lbank14                      bank14       000000
__Lbank15                      bank15       000000
__Lbank2                       bank2        000000
__Lbank3                       bank3        000000
__Lbank4                       bank4        000000
__Lbank5                       bank5        000000
__Lbank6                       bank6        000000
__Lbank7                       bank7        000000
__Lbank8                       bank8        000000
__Lbank9                       bank9        000000
__Lbigbss                      bigbss       000000
__Lbigdata                     bigdata      000000
__Lbigram                      bigram       000000
__Lbss                         bss          000000
__LbssCOMRAM                   bssCOMRAM    000000
__Lcinit                       cinit        000000
__Lclrtext                     clrtext      000000
__Lcomram                      comram       000000
__Lconfig                      config       300000
__Lconst                       const        000000
__LcstackCOMRAM                cstackCOMRAM 000000
__Ldata                        data         000000
__Leeprom_data                 eeprom_data  000000
__Lfarbss                      farbss       000000
__Lfardata                     fardata      000000
__Libigdata                    ibigdata     000000
__Lidata                       idata        000000
__Lidloc                       idloc        200000
__Lifardata                    ifardata     000000
__Linit                        init         00000E
__Lintcode                     intcode      000008
__Lintcode_body                intcode_body 000000
__Lintcodelo                   intcodelo    00000E
__Lintentry                    intentry     000000
__Lintret                      intret       000000
__Lintsave_regs                intsave_regs 000000
__Lirdata                      irdata       000000
__Lmediumconst                 mediumconst  000000
__LnvFARRAM                    nvFARRAM     000000
__Lnvbit                       nvbit        000000
__Lnvrram                      nvrram       000000
__Lparam                       rparam       000000
__Lpowerup                     powerup      00000E
__Lram                         ram          000000
__Lramtop                      ramtop       001000
__Lrbit                        rbit         000000
__Lrbss                        rbss         000000
__Lrdata                       rdata        000000
__Lreset_vec                   reset_vec    000000
__Lrparam                      rparam       000000
__Lsfr                         sfr          000000
__Lsmallconst                  smallconst   001000
__Lspace_0                     (abs)        000000
__Lspace_1                     (abs)        000000
__Lspace_2                     (abs)        000000
__Lstack                       stack        000000
__Lstruct                      struct       000000
__Ltemp                        temp         000038
__Ltext                        text         000000
__Ltext0                       text0        000000
__Ltext1                       text1        000000
__Ltext10                      text10       000000
__Ltext11                      text11       000000
__Ltext12                      text12       000000
__Ltext13                      text13       000000
__Ltext14                      text14       000000
__Ltext15                      text15       000000
__Ltext16                      text16       000000
__Ltext17                      text17       000000
__Ltext18                      text18       000000
__Ltext19                      text19       000000
__Ltext2                       text2        000000
__Ltext20                      text20       000000
__Ltext21                      text21       000000
__Ltext22                      text22       000000
__Ltext23                      text23       000000
__Ltext24                      text24       000000
__Ltext25                      text25       000000
__Ltext26                      text26       000000
__Ltext27                      text27       000000
__Ltext28                      text28       000000
__Ltext29                      text29       000000
__Ltext3                       text3        000000
__Ltext30                      text30       000000
__Ltext32                      text32       000000
__Ltext4                       text4        000000
__Ltext5                       text5        000000
__Ltext6                       text6        000000
__Ltext7                       text7        000000
__Ltext8                       text8        000000
__Ltext9                       text9        000000
__S0                           (abs)        30000E
__S1                           (abs)        000039
__S2                           (abs)        000000
___awdiv                       text24       00157C
___awdiv@counter               cstackCOMRAM 000017
___awdiv@dividend              cstackCOMRAM 000013
___awdiv@divisor               cstackCOMRAM 000015
___awdiv@quotient              cstackCOMRAM 000019
___awdiv@sign                  cstackCOMRAM 000018
___awmod                       text23       001682
___awmod@counter               cstackCOMRAM 000017
___awmod@dividend              cstackCOMRAM 000013
___awmod@divisor               cstackCOMRAM 000015
___awmod@sign                  cstackCOMRAM 000018
___extmem_base                 (abs)        020000
___inthi_sp                    stack        000000
___intlo_sp                    stack        000000
___lwdiv                       text22       0018E0
___lwdiv@counter               cstackCOMRAM 000019
___lwdiv@dividend              cstackCOMRAM 000013
___lwdiv@divisor               cstackCOMRAM 000015
___lwdiv@quotient              cstackCOMRAM 000017
___lwmod                       text21       0019CA
___lwmod@counter               cstackCOMRAM 00001E
___lwmod@dividend              cstackCOMRAM 00001A
___lwmod@divisor               cstackCOMRAM 00001C
___param_bank                  (abs)        000000
___rparam_used                 (abs)        000001
___sp                          stack        000000
___wmul                        text20       001A70
___wmul@multiplicand           cstackCOMRAM 000015
___wmul@multiplier             cstackCOMRAM 000013
___wmul@product                cstackCOMRAM 000017
__accesstop                    (abs)        000060
__activetblptr                 (abs)        000003
__end_of_Clock                 text12       0018E0
__end_of_EUSART1_Initialize    text6        001B6C
__end_of_EUSART1_Write         text18       001BAC
__end_of_InitBBSPI             text10       001B90
__end_of_InterruptInitialize   text5        001BB6
__end_of_InterruptManager      intcode_body 0014F2
__end_of_Intro                 text7        0019CA
__end_of_IntroDelay            text11       001822
__end_of_LCDInit               text8        001882
__end_of_LCDPutChar            text26       001758
__end_of_LCDPutInst            text27       0017BE
__end_of_LCDPutStr             text25       001A3E
__end_of_PortInitialize        text4        001AD4
__end_of_Port_BBSPIInit        text9        001B28
__end_of_SWdelay               text30       001A70
__end_of_SendByteBBSPI         text29       001982
__end_of_SysInitialize         text1        001B7E
__end_of_TMR1Initialize        text2        001B0E
__end_of_TMR1InterruptRoutine  text32       001BA0
__end_of_TMR1Start             text3        001BC4
__end_of_WritePort_BBSPI       text28       001B42
__end_of___awdiv               text24       001600
__end_of___awmod               text23       0016F2
__end_of___lwdiv               text22       001932
__end_of___lwmod               text21       001A0C
__end_of___wmul                text20       001A96
__end_of__initialization       cinit        001B4E
__end_of_count_Clock           text13       001682
__end_of_disp_Clock            text15       001456
__end_of_dpowers               smallconst   00100B
__end_of_isdigit               text19       001AF2
__end_of_main                  text0        001AB6
__end_of_printf                text16       001364
__end_of_putch                 text17       001BC0
__end_of_set_Clock             text14       00157C
__initialization               cinit        001B42
__mediumconst                  mediumconst  000000
__pbssCOMRAM                   bssCOMRAM    000030
__pcinit                       cinit        001B42
__pcstackCOMRAM                cstackCOMRAM 000001
__pintcode                     intcode      000008
__pintcode_body                intcode_body 001456
__psmallconst                  smallconst   001000
__ptext0                       text0        001A96
__ptext1                       text1        001B6C
__ptext10                      text10       001B7E
__ptext11                      text11       0017BE
__ptext12                      text12       001882
__ptext13                      text13       001600
__ptext14                      text14       0014F2
__ptext15                      text15       001364
__ptext16                      text16       0010FA
__ptext17                      text17       001BB6
__ptext18                      text18       001BA0
__ptext19                      text19       001AD4
__ptext2                       text2        001AF2
__ptext20                      text20       001A70
__ptext21                      text21       0019CA
__ptext22                      text22       0018E0
__ptext23                      text23       001682
__ptext24                      text24       00157C
__ptext25                      text25       001A0C
__ptext26                      text26       0016F2
__ptext27                      text27       001758
__ptext28                      text28       001B28
__ptext29                      text29       001932
__ptext3                       text3        001BC0
__ptext30                      text30       001A3E
__ptext32                      text32       001B90
__ptext4                       text4        001AB6
__ptext5                       text5        001BAC
__ptext6                       text6        001B58
__ptext7                       text7        001982
__ptext8                       text8        001822
__ptext9                       text9        001B0E
__ramtop                       ramtop       001000
__size_of_Clock                (abs)        000000
__size_of_EUSART1_Initialize   (abs)        000000
__size_of_EUSART1_Write        (abs)        000000
__size_of_InitBBSPI            (abs)        000000
__size_of_InterruptInitialize  (abs)        000000
__size_of_InterruptManager     (abs)        000000
__size_of_Intro                (abs)        000000
__size_of_IntroDelay           (abs)        000000
__size_of_LCDInit              (abs)        000000
__size_of_LCDPutChar           (abs)        000000
__size_of_LCDPutInst           (abs)        000000
__size_of_LCDPutStr            (abs)        000000
__size_of_PortInitialize       (abs)        000000
__size_of_Port_BBSPIInit       (abs)        000000
__size_of_SWdelay              (abs)        000000
__size_of_SendByteBBSPI        (abs)        000000
__size_of_SysInitialize        (abs)        000000
__size_of_TMR1Initialize       (abs)        000000
__size_of_TMR1InterruptRoutine (abs)        000000
__size_of_TMR1Start            (abs)        000000
__size_of_WritePort_BBSPI      (abs)        000000
__size_of___awdiv              (abs)        000000
__size_of___awmod              (abs)        000000
__size_of___lwdiv              (abs)        000000
__size_of___lwmod              (abs)        000000
__size_of___wmul               (abs)        000000
__size_of_count_Clock          (abs)        000000
__size_of_disp_Clock           (abs)        000000
__size_of_isdigit              (abs)        000000
__size_of_main                 (abs)        000000
__size_of_printf               (abs)        000000
__size_of_putch                (abs)        000000
__size_of_set_Clock            (abs)        000000
__smallconst                   smallconst   001000
_count_Clock                   text13       001600
_disp_Clock                    text15       001364
_dpowers                       smallconst   001001
_hr                            bssCOMRAM    000035
_isdigit                       text19       001AD4
_isdigit$1518                  cstackCOMRAM 000014
_main                          text0        001A96
_min                           bssCOMRAM    000034
_printf                        text16       0010FA
_putch                         text17       001BB6
_sec                           bssCOMRAM    000033
_set_Clock                     text14       0014F2
_timeset                       bssCOMRAM    000032
btemp                          temp         000038
end_of_initialization          cinit        001B4E
int$flags                      temp         000038
int_func                       intcode_body 001456
intlevel0                      text         000000
intlevel1                      text         000000
intlevel2                      text         000000
intlevel3                      text         000000
isdigit@c                      cstackCOMRAM 000015
printf@ap                      cstackCOMRAM 000027
printf@c                       cstackCOMRAM 00002F
printf@f                       cstackCOMRAM 00001F
printf@flag                    cstackCOMRAM 00002C
printf@prec                    cstackCOMRAM 000029
printf@val                     cstackCOMRAM 00002A
printf@width                   cstackCOMRAM 00002D
putch@txData                   cstackCOMRAM 000014
stackhi                        (abs)        000F5F
stacklo                        (abs)        000060
start                          init         00000E
start_initialization           cinit        001B42
wtemp6                         temp         000039


FUNCTION INFORMATION:

 *************** function _main *****************
 Defined at:
		line 20 in file "main.c"
 Parameters:    Size  Location     Type
		None
 Auto vars:     Size  Location     Type
		None
 Return value:  Size  Location     Type
                  1    wreg      void 
 Registers used:
		wreg, fsr2l, fsr2h, status,2, status,0, tblptrl, tblptrh, tblptru, prodl, prodh, cstack
 Tracked objects:
		On entry : 
		On exit  : 
		Unchanged: 
 Data sizes:     COMRAM   BANK0   BANK1   BANK2   BANK3   BANK4   BANK5   BANK6   BANK7   BANK8   BANK9  BANK10  BANK11  BANK12  BANK13  BANK14  BANK15
      Params:         0       0       0       0       0       0       0       0       0       0       0       0       0       0       0       0       0
      Locals:         0       0       0       0       0       0       0       0       0       0       0       0       0       0       0       0       0
      Temps:          0       0       0       0       0       0       0       0       0       0       0       0       0       0       0       0       0
      Totals:         0       0       0       0       0       0       0       0       0       0       0       0       0       0       0       0       0
Total ram usage:        0 bytes
 Hardware stack levels required when called:   10
 This function calls:
		_Clock
		_Intro
		_SysInitialize
 This function is called by:
		Startup code after reset
 This function uses a non-reentrant model


 *************** function _SysInitialize *****************
 Defined at:
		line 4 in file "SystemInitialize.c"
 Parameters:    Size  Location     Type
		None
 Auto vars:     Size  Location     Type
		None
 Return value:  Size  Location     Type
                  1    wreg      void 
 Registers used:
		wreg, status,2, cstack
 Tracked objects:
		On entry : 
		On exit  : 
		Unchanged: 
 Data sizes:     COMRAM   BANK0   BANK1   BANK2   BANK3   BANK4   BANK5   BANK6   BANK7   BANK8   BANK9  BANK10  BANK11  BANK12  BANK13  BANK14  BANK15
      Params:         0       0       0       0       0       0       0       0       0       0       0       0       0       0       0       0       0
      Locals:         0       0       0       0       0       0       0       0       0       0       0       0       0       0       0       0       0
      Temps:          0       0       0       0       0       0       0       0       0       0       0       0       0       0       0       0       0
      Totals:         0       0       0       0       0       0       0       0       0       0       0       0       0       0       0       0       0
Total ram usage:        0 bytes
 Hardware stack levels used:    1
 Hardware stack levels required when called:    4
 This function calls:
		_EUSART1_Initialize
		_InterruptInitialize
		_PortInitialize
		_TMR1Initialize
 This function is called by:
		_main
 This function uses a non-reentrant model


 *************** function _TMR1Initialize *****************
 Defined at:
		line 8 in file "tmr1.c"
 Parameters:    Size  Location     Type
		None
 Auto vars:     Size  Location     Type
		None
 Return value:  Size  Location     Type
                  1    wreg      void 
 Registers used:
		wreg, status,2, cstack
 Tracked objects:
		On entry : 
		On exit  : 
		Unchanged: 
 Data sizes:     COMRAM   BANK0   BANK1   BANK2   BANK3   BANK4   BANK5   BANK6   BANK7   BANK8   BANK9  BANK10  BANK11  BANK12  BANK13  BANK14  BANK15
      Params:         0       0       0       0       0       0       0       0       0       0       0       0       0       0       0       0       0
      Locals:         0       0       0       0       0       0       0       0       0       0       0       0       0       0       0       0       0
      Temps:          0       0       0       0       0       0       0       0       0       0       0       0       0       0       0       0       0
      Totals:         0       0       0       0       0       0       0       0       0       0       0       0       0       0       0       0       0
Total ram usage:        0 bytes
 Hardware stack levels used:    1
 Hardware stack levels required when called:    3
 This function calls:
		_TMR1Start
 This function is called by:
		_SysInitialize
 This function uses a non-reentrant model


 *************** function _TMR1Start *****************
 Defined at:
		line 61 in file "tmr1.c"
 Parameters:    Size  Location     Type
		None
 Auto vars:     Size  Location     Type
		None
 Return value:  Size  Location     Type
                  1    wreg      void 
 Registers used:
		None
 Tracked objects:
		On entry : 
		On exit  : 
		Unchanged: 
 Data sizes:     COMRAM   BANK0   BANK1   BANK2   BANK3   BANK4   BANK5   BANK6   BANK7   BANK8   BANK9  BANK10  BANK11  BANK12  BANK13  BANK14  BANK15
      Params:         0       0       0       0       0       0       0       0       0       0       0       0       0       0       0       0       0
      Locals:         0       0       0       0       0       0       0       0       0       0       0       0       0       0       0       0       0
      Temps:          0       0       0       0       0       0       0       0       0       0       0       0       0       0       0       0       0
      Totals:         0       0       0       0       0       0       0       0       0       0       0       0       0       0       0       0       0
Total ram usage:        0 bytes
 Hardware stack levels used:    1
 Hardware stack levels required when called:    2
 This function calls:
		Nothing
 This function is called by:
		_TMR1Initialize
 This function uses a non-reentrant model


 *************** function _PortInitialize *****************
 Defined at:
		line 13 in file "SystemInitialize.c"
 Parameters:    Size  Location     Type
		None
 Auto vars:     Size  Location     Type
		None
 Return value:  Size  Location     Type
                  1    wreg      void 
 Registers used:
		wreg, status,2
 Tracked objects:
		On entry : 
		On exit  : 
		Unchanged: 
 Data sizes:     COMRAM   BANK0   BANK1   BANK2   BANK3   BANK4   BANK5   BANK6   BANK7   BANK8   BANK9  BANK10  BANK11  BANK12  BANK13  BANK14  BANK15
      Params:         0       0       0       0       0       0       0       0       0       0       0       0       0       0       0       0       0
      Locals:         0       0       0       0       0       0       0       0       0       0       0       0       0       0       0       0       0
      Temps:          0       0       0       0       0       0       0       0       0       0       0       0       0       0       0       0       0
      Totals:         0       0       0       0       0       0       0       0       0       0       0       0       0       0       0       0       0
Total ram usage:        0 bytes
 Hardware stack levels used:    1
 Hardware stack levels required when called:    2
 This function calls:
		Nothing
 This function is called by:
		_SysInitialize
 This function uses a non-reentrant model


 *************** function _InterruptInitialize *****************
 Defined at:
		line 4 in file "InterruptManager.c"
 Parameters:    Size  Location     Type
		None
 Auto vars:     Size  Location     Type
		None
 Return value:  Size  Location     Type
                  1    wreg      void 
 Registers used:
		None
 Tracked objects:
		On entry : 
		On exit  : 
		Unchanged: 
 Data sizes:     COMRAM   BANK0   BANK1   BANK2   BANK3   BANK4   BANK5   BANK6   BANK7   BANK8   BANK9  BANK10  BANK11  BANK12  BANK13  BANK14  BANK15
      Params:         0       0       0       0       0       0       0       0       0       0       0       0       0       0       0       0       0
      Locals:         0       0       0       0       0       0       0       0       0       0       0       0       0       0       0       0       0
      Temps:          0       0       0       0       0       0       0       0       0       0       0       0       0       0       0       0       0
      Totals:         0       0       0       0       0       0       0       0       0       0       0       0       0       0       0       0       0
Total ram usage:        0 bytes
 Hardware stack levels used:    1
 Hardware stack levels required when called:    2
 This function calls:
		Nothing
 This function is called by:
		_SysInitialize
 This function uses a non-reentrant model


 *************** function _EUSART1_Initialize *****************
 Defined at:
		line 56 in file "eusart1.c"
 Parameters:    Size  Location     Type
		None
 Auto vars:     Size  Location     Type
		None
 Return value:  Size  Location     Type
                  1    wreg      void 
 Registers used:
		wreg, status,2
 Tracked objects:
		On entry : 
		On exit  : 
		Unchanged: 
 Data sizes:     COMRAM   BANK0   BANK1   BANK2   BANK3   BANK4   BANK5   BANK6   BANK7   BANK8   BANK9  BANK10  BANK11  BANK12  BANK13  BANK14  BANK15
      Params:         0       0       0       0       0       0       0       0       0       0       0       0       0       0       0       0       0
      Locals:         0       0       0       0       0       0       0       0       0       0       0       0       0       0       0       0       0
      Temps:          0       0       0       0       0       0       0       0       0       0       0       0       0       0       0       0       0
      Totals:         0       0       0       0       0       0       0       0       0       0       0       0       0       0       0       0       0
Total ram usage:        0 bytes
 Hardware stack levels used:    1
 Hardware stack levels required when called:    2
 This function calls:
		Nothing
 This function is called by:
		_SysInitialize
 This function uses a non-reentrant model


 *************** function _Intro *****************
 Defined at:
		line 12 in file "StateIntro.c"
 Parameters:    Size  Location     Type
		None
 Auto vars:     Size  Location     Type
		None
 Return value:  Size  Location     Type
                  1    wreg      void 
 Registers used:
		wreg, fsr2l, fsr2h, status,2, status,0, tblptrl, tblptrh, tblptru, prodl, prodh, cstack
 Tracked objects:
		On entry : 
		On exit  : 
		Unchanged: 
 Data sizes:     COMRAM   BANK0   BANK1   BANK2   BANK3   BANK4   BANK5   BANK6   BANK7   BANK8   BANK9  BANK10  BANK11  BANK12  BANK13  BANK14  BANK15
      Params:         0       0       0       0       0       0       0       0       0       0       0       0       0       0       0       0       0
      Locals:         0       0       0       0       0       0       0       0       0       0       0       0       0       0       0       0       0
      Temps:          0       0       0       0       0       0       0       0       0       0       0       0       0       0       0       0       0
      Totals:         0       0       0       0       0       0       0       0       0       0       0       0       0       0       0       0       0
Total ram usage:        0 bytes
 Hardware stack levels used:    1
 Hardware stack levels required when called:    6
 This function calls:
		_IntroDelay
		_LCDInit
		_LCDPutInst
		_LCDPutStr
		_printf
 This function is called by:
		_main
 This function uses a non-reentrant model


 *************** function _LCDInit *****************
 Defined at:
		line 45 in file "BBSPI_LCD.c"
 Parameters:    Size  Location     Type
		None
 Auto vars:     Size  Location     Type
		None
 Return value:  Size  Location     Type
                  1    wreg      void 
 Registers used:
		wreg, status,2, status,0, cstack
 Tracked objects:
		On entry : 
		On exit  : 
		Unchanged: 
 Data sizes:     COMRAM   BANK0   BANK1   BANK2   BANK3   BANK4   BANK5   BANK6   BANK7   BANK8   BANK9  BANK10  BANK11  BANK12  BANK13  BANK14  BANK15
      Params:         0       0       0       0       0       0       0       0       0       0       0       0       0       0       0       0       0
      Locals:         0       0       0       0       0       0       0       0       0       0       0       0       0       0       0       0       0
      Temps:          1       0       0       0       0       0       0       0       0       0       0       0       0       0       0       0       0
      Totals:         1       0       0       0       0       0       0       0       0       0       0       0       0       0       0       0       0
Total ram usage:        1 bytes
 Hardware stack levels used:    1
 Hardware stack levels required when called:    5
 This function calls:
		_InitBBSPI
		_LCDPutInst
		_Port_BBSPIInit
		_WritePort_BBSPI
 This function is called by:
		_Intro
 This function uses a non-reentrant model


 *************** function _Port_BBSPIInit *****************
 Defined at:
		line 123 in file "BBSPI_LCD.c"
 Parameters:    Size  Location     Type
  port_dir        1    wreg     unsigned char 
 Auto vars:     Size  Location     Type
  port_dir        1   21[COMRAM] unsigned char 
 Return value:  Size  Location     Type
                  1    wreg      void 
 Registers used:
		wreg, status,2, status,0, cstack
 Tracked objects:
		On entry : 
		On exit  : 
		Unchanged: 
 Data sizes:     COMRAM   BANK0   BANK1   BANK2   BANK3   BANK4   BANK5   BANK6   BANK7   BANK8   BANK9  BANK10  BANK11  BANK12  BANK13  BANK14  BANK15
      Params:         0       0       0       0       0       0       0       0       0       0       0       0       0       0       0       0       0
      Locals:         1       0       0       0       0       0       0       0       0       0       0       0       0       0       0       0       0
      Temps:          0       0       0       0       0       0       0       0       0       0       0       0       0       0       0       0       0
      Totals:         1       0       0       0       0       0       0       0       0       0       0       0       0       0       0       0       0
Total ram usage:        1 bytes
 Hardware stack levels used:    1
 Hardware stack levels required when called:    3
 This function calls:
		_SendByteBBSPI
 This function is called by:
		_LCDInit
 This function uses a non-reentrant model


 *************** function _InitBBSPI *****************
 Defined at:
		line 70 in file "BBSPI_LCD.c"
 Parameters:    Size  Location     Type
		None
 Auto vars:     Size  Location     Type
		None
 Return value:  Size  Location     Type
                  1    wreg      void 
 Registers used:
		None
 Tracked objects:
		On entry : 
		On exit  : 
		Unchanged: 
 Data sizes:     COMRAM   BANK0   BANK1   BANK2   BANK3   BANK4   BANK5   BANK6   BANK7   BANK8   BANK9  BANK10  BANK11  BANK12  BANK13  BANK14  BANK15
      Params:         0       0       0       0       0       0       0       0       0       0       0       0       0       0       0       0       0
      Locals:         0       0       0       0       0       0       0       0       0       0       0       0       0       0       0       0       0
      Temps:          0       0       0       0       0       0       0       0       0       0       0       0       0       0       0       0       0
      Totals:         0       0       0       0       0       0       0       0       0       0       0       0       0       0       0       0       0
Total ram usage:        0 bytes
 Hardware stack levels used:    1
 Hardware stack levels required when called:    2
 This function calls:
		Nothing
 This function is called by:
		_LCDInit
 This function uses a non-reentrant model


 *************** function _IntroDelay *****************
 Defined at:
		line 39 in file "StateIntro.c"
 Parameters:    Size  Location     Type
		None
 Auto vars:     Size  Location     Type
  aux             1   22[COMRAM] unsigned char 
  n               1   21[COMRAM] unsigned char 
  i               1   20[COMRAM] unsigned char 
 Return value:  Size  Location     Type
                  1    wreg      void 
 Registers used:
		wreg, status,2, status,0
 Tracked objects:
		On entry : 
		On exit  : 
		Unchanged: 
 Data sizes:     COMRAM   BANK0   BANK1   BANK2   BANK3   BANK4   BANK5   BANK6   BANK7   BANK8   BANK9  BANK10  BANK11  BANK12  BANK13  BANK14  BANK15
      Params:         0       0       0       0       0       0       0       0       0       0       0       0       0       0       0       0       0
      Locals:         3       0       0       0       0       0       0       0       0       0       0       0       0       0       0       0       0
      Temps:          2       0       0       0       0       0       0       0       0       0       0       0       0       0       0       0       0
      Totals:         5       0       0       0       0       0       0       0       0       0       0       0       0       0       0       0       0
Total ram usage:        5 bytes
 Hardware stack levels used:    1
 Hardware stack levels required when called:    2
 This function calls:
		Nothing
 This function is called by:
		_Intro
 This function uses a non-reentrant model


 *************** function _Clock *****************
 Defined at:
		line 14 in file "StateClock.c"
 Parameters:    Size  Location     Type
		None
 Auto vars:     Size  Location     Type
		None
 Return value:  Size  Location     Type
                  1    wreg      void 
 Registers used:
		wreg, fsr2l, fsr2h, status,2, status,0, tblptrl, tblptrh, tblptru, prodl, prodh, cstack
 Tracked objects:
		On entry : 
		On exit  : 
		Unchanged: 
 Data sizes:     COMRAM   BANK0   BANK1   BANK2   BANK3   BANK4   BANK5   BANK6   BANK7   BANK8   BANK9  BANK10  BANK11  BANK12  BANK13  BANK14  BANK15
      Params:         0       0       0       0       0       0       0       0       0       0       0       0       0       0       0       0       0
      Locals:         0       0       0       0       0       0       0       0       0       0       0       0       0       0       0       0       0
      Temps:          0       0       0       0       0       0       0       0       0       0       0       0       0       0       0       0       0
      Totals:         0       0       0       0       0       0       0       0       0       0       0       0       0       0       0       0       0
Total ram usage:        0 bytes
 Hardware stack levels used:    1
 Hardware stack levels required when called:    9
 This function calls:
		_LCDPutInst
		_LCDPutStr
		_SWdelay
		_count_Clock
		_printf
 This function is called by:
		_main
 This function uses a non-reentrant model


 *************** function _count_Clock *****************
 Defined at:
		line 75 in file "StateClock.c"
 Parameters:    Size  Location     Type
		None
 Auto vars:     Size  Location     Type
		None
 Return value:  Size  Location     Type
                  1    wreg      void 
 Registers used:
		wreg, fsr2l, fsr2h, status,2, status,0, tblptrl, tblptrh, tblptru, prodl, prodh, cstack
 Tracked objects:
		On entry : 
		On exit  : 
		Unchanged: 
 Data sizes:     COMRAM   BANK0   BANK1   BANK2   BANK3   BANK4   BANK5   BANK6   BANK7   BANK8   BANK9  BANK10  BANK11  BANK12  BANK13  BANK14  BANK15
      Params:         0       0       0       0       0       0       0       0       0       0       0       0       0       0       0       0       0
      Locals:         0       0       0       0       0       0       0       0       0       0       0       0       0       0       0       0       0
      Temps:          0       0       0       0       0       0       0       0       0       0       0       0       0       0       0       0       0
      Totals:         0       0       0       0       0       0       0       0       0       0       0       0       0       0       0       0       0
Total ram usage:        0 bytes
 Hardware stack levels used:    1
 Hardware stack levels required when called:    8
 This function calls:
		_LCDPutInst
		_LCDPutStr
		_SWdelay
		_disp_Clock
		_printf
		_set_Clock
 This function is called by:
		_Clock
 This function uses a non-reentrant model


 *************** function _set_Clock *****************
 Defined at:
		line 127 in file "StateClock.c"
 Parameters:    Size  Location     Type
		None
 Auto vars:     Size  Location     Type
		None
 Return value:  Size  Location     Type
                  1    wreg      void 
 Registers used:
		wreg, fsr2l, fsr2h, status,2, status,0, tblptrl, tblptrh, tblptru, prodl, prodh, cstack
 Tracked objects:
		On entry : 
		On exit  : 
		Unchanged: 
 Data sizes:     COMRAM   BANK0   BANK1   BANK2   BANK3   BANK4   BANK5   BANK6   BANK7   BANK8   BANK9  BANK10  BANK11  BANK12  BANK13  BANK14  BANK15
      Params:         0       0       0       0       0       0       0       0       0       0       0       0       0       0       0       0       0
      Locals:         0       0       0       0       0       0       0       0       0       0       0       0       0       0       0       0       0
      Temps:          0       0       0       0       0       0       0       0       0       0       0       0       0       0       0       0       0
      Totals:         0       0       0       0       0       0       0       0       0       0       0       0       0       0       0       0       0
Total ram usage:        0 bytes
 Hardware stack levels used:    1
 Hardware stack levels required when called:    7
 This function calls:
		_LCDPutInst
		_LCDPutStr
		_SWdelay
		_disp_Clock
		_printf
 This function is called by:
		_count_Clock
 This function uses a non-reentrant model


 *************** function _disp_Clock *****************
 Defined at:
		line 48 in file "StateClock.c"
 Parameters:    Size  Location     Type
		None
 Auto vars:     Size  Location     Type
		None
 Return value:  Size  Location     Type
                  1    wreg      void 
 Registers used:
		wreg, fsr2l, fsr2h, status,2, status,0, tblptrl, tblptrh, tblptru, prodl, prodh, cstack
 Tracked objects:
		On entry : 
		On exit  : 
		Unchanged: 
 Data sizes:     COMRAM   BANK0   BANK1   BANK2   BANK3   BANK4   BANK5   BANK6   BANK7   BANK8   BANK9  BANK10  BANK11  BANK12  BANK13  BANK14  BANK15
      Params:         0       0       0       0       0       0       0       0       0       0       0       0       0       0       0       0       0
      Locals:         0       0       0       0       0       0       0       0       0       0       0       0       0       0       0       0       0
      Temps:          0       0       0       0       0       0       0       0       0       0       0       0       0       0       0       0       0
      Totals:         0       0       0       0       0       0       0       0       0       0       0       0       0       0       0       0       0
Total ram usage:        0 bytes
 Hardware stack levels used:    1
 Hardware stack levels required when called:    6
 This function calls:
		_LCDPutChar
		_LCDPutInst
		_LCDPutStr
		___awdiv
		___awmod
		_printf
 This function is called by:
		_count_Clock
		_set_Clock
 This function uses a non-reentrant model


 *************** function _printf *****************
 Defined at:
		line 464 in file "C:\Program Files (x86)\Microchip\xc8\v1.45\sources\common\doprnt.c"
 Parameters:    Size  Location     Type
  f               2   30[COMRAM] PTR const unsigned char 
		 -> STR_16(19), STR_15(19), STR_12(19), STR_10(19), 
		 -> STR_8(7), STR_7(6), STR_6(6), STR_4(19), 
		 -> STR_3(19), 
 Auto vars:     Size  Location     Type
  tmpval          4    0        struct .
  cp              3    0        PTR const unsigned char 
  width           2   44[COMRAM] int 
  val             2   41[COMRAM] unsigned int 
  ap              2   38[COMRAM] PTR void [1]
		 -> ?_printf(2), 
  len             2    0        unsigned int 
  c               1   46[COMRAM] char 
  flag            1   43[COMRAM] unsigned char 
  prec            1   40[COMRAM] char 
 Return value:  Size  Location     Type
                  2   30[COMRAM] int 
 Registers used:
		wreg, fsr2l, fsr2h, status,2, status,0, tblptrl, tblptrh, tblptru, prodl, prodh, cstack
 Tracked objects:
		On entry : 
		On exit  : 
		Unchanged: 
 Data sizes:     COMRAM   BANK0   BANK1   BANK2   BANK3   BANK4   BANK5   BANK6   BANK7   BANK8   BANK9  BANK10  BANK11  BANK12  BANK13  BANK14  BANK15
      Params:         4       0       0       0       0       0       0       0       0       0       0       0       0       0       0       0       0
      Locals:         9       0       0       0       0       0       0       0       0       0       0       0       0       0       0       0       0
      Temps:          4       0       0       0       0       0       0       0       0       0       0       0       0       0       0       0       0
      Totals:        17       0       0       0       0       0       0       0       0       0       0       0       0       0       0       0       0
Total ram usage:       17 bytes
 Hardware stack levels used:    1
 Hardware stack levels required when called:    4
 This function calls:
		___lwdiv
		___lwmod
		___wmul
		_isdigit
		_putch
 This function is called by:
		_Clock
		_disp_Clock
		_count_Clock
		_set_Clock
		_Intro
 This function uses a non-reentrant model


 *************** function _putch *****************
 Defined at:
		line 115 in file "eusart1.c"
 Parameters:    Size  Location     Type
  txData          1    wreg     unsigned char 
 Auto vars:     Size  Location     Type
  txData          1   19[COMRAM] unsigned char 
 Return value:  Size  Location     Type
                  1    wreg      void 
 Registers used:
		wreg, status,2, cstack
 Tracked objects:
		On entry : 
		On exit  : 
		Unchanged: 
 Data sizes:     COMRAM   BANK0   BANK1   BANK2   BANK3   BANK4   BANK5   BANK6   BANK7   BANK8   BANK9  BANK10  BANK11  BANK12  BANK13  BANK14  BANK15
      Params:         0       0       0       0       0       0       0       0       0       0       0       0       0       0       0       0       0
      Locals:         1       0       0       0       0       0       0       0       0       0       0       0       0       0       0       0       0
      Temps:          0       0       0       0       0       0       0       0       0       0       0       0       0       0       0       0       0
      Totals:         1       0       0       0       0       0       0       0       0       0       0       0       0       0       0       0       0
Total ram usage:        1 bytes
 Hardware stack levels used:    1
 Hardware stack levels required when called:    3
 This function calls:
		_EUSART1_Write
 This function is called by:
		_printf
 This function uses a non-reentrant model


 *************** function _EUSART1_Write *****************
 Defined at:
		line 101 in file "eusart1.c"
 Parameters:    Size  Location     Type
  txData          1    wreg     unsigned char 
 Auto vars:     Size  Location     Type
  txData          1   18[COMRAM] unsigned char 
 Return value:  Size  Location     Type
                  1    wreg      void 
 Registers used:
		wreg
 Tracked objects:
		On entry : 
		On exit  : 
		Unchanged: 
 Data sizes:     COMRAM   BANK0   BANK1   BANK2   BANK3   BANK4   BANK5   BANK6   BANK7   BANK8   BANK9  BANK10  BANK11  BANK12  BANK13  BANK14  BANK15
      Params:         0       0       0       0       0       0       0       0       0       0       0       0       0       0       0       0       0
      Locals:         1       0       0       0       0       0       0       0       0       0       0       0       0       0       0       0       0
      Temps:          0       0       0       0       0       0       0       0       0       0       0       0       0       0       0       0       0
      Totals:         1       0       0       0       0       0       0       0       0       0       0       0       0       0       0       0       0
Total ram usage:        1 bytes
 Hardware stack levels used:    1
 Hardware stack levels required when called:    2
 This function calls:
		Nothing
 This function is called by:
		_putch
 This function uses a non-reentrant model


 *************** function _isdigit *****************
 Defined at:
		line 8 in file "C:\Program Files (x86)\Microchip\xc8\v1.45\sources\common\isdigit.c"
 Parameters:    Size  Location     Type
  c               1    wreg     unsigned char 
 Auto vars:     Size  Location     Type
  c               1   20[COMRAM] unsigned char 
 Return value:  Size  Location     Type
		None               void
 Registers used:
		wreg, status,2, status,0
 Tracked objects:
		On entry : 
		On exit  : 
		Unchanged: 
 Data sizes:     COMRAM   BANK0   BANK1   BANK2   BANK3   BANK4   BANK5   BANK6   BANK7   BANK8   BANK9  BANK10  BANK11  BANK12  BANK13  BANK14  BANK15
      Params:         0       0       0       0       0       0       0       0       0       0       0       0       0       0       0       0       0
      Locals:         2       0       0       0       0       0       0       0       0       0       0       0       0       0       0       0       0
      Temps:          1       0       0       0       0       0       0       0       0       0       0       0       0       0       0       0       0
      Totals:         3       0       0       0       0       0       0       0       0       0       0       0       0       0       0       0       0
Total ram usage:        3 bytes
 Hardware stack levels used:    1
 Hardware stack levels required when called:    2
 This function calls:
		Nothing
 This function is called by:
		_printf
 This function uses a non-reentrant model


 *************** function ___wmul *****************
 Defined at:
		line 15 in file "C:\Program Files (x86)\Microchip\xc8\v1.45\sources\common\Umul16.c"
 Parameters:    Size  Location     Type
  multiplier      2   18[COMRAM] unsigned int 
  multiplicand    2   20[COMRAM] unsigned int 
 Auto vars:     Size  Location     Type
  product         2   22[COMRAM] unsigned int 
 Return value:  Size  Location     Type
                  2   18[COMRAM] unsigned int 
 Registers used:
		wreg, status,2, status,0, prodl, prodh
 Tracked objects:
		On entry : 
		On exit  : 
		Unchanged: 
 Data sizes:     COMRAM   BANK0   BANK1   BANK2   BANK3   BANK4   BANK5   BANK6   BANK7   BANK8   BANK9  BANK10  BANK11  BANK12  BANK13  BANK14  BANK15
      Params:         4       0       0       0       0       0       0       0       0       0       0       0       0       0       0       0       0
      Locals:         2       0       0       0       0       0       0       0       0       0       0       0       0       0       0       0       0
      Temps:          0       0       0       0       0       0       0       0       0       0       0       0       0       0       0       0       0
      Totals:         6       0       0       0       0       0       0       0       0       0       0       0       0       0       0       0       0
Total ram usage:        6 bytes
 Hardware stack levels used:    1
 Hardware stack levels required when called:    2
 This function calls:
		Nothing
 This function is called by:
		_printf
 This function uses a non-reentrant model


 *************** function ___lwmod *****************
 Defined at:
		line 8 in file "C:\Program Files (x86)\Microchip\xc8\v1.45\sources\common\lwmod.c"
 Parameters:    Size  Location     Type
  dividend        2   25[COMRAM] unsigned int 
  divisor         2   27[COMRAM] unsigned int 
 Auto vars:     Size  Location     Type
  counter         1   29[COMRAM] unsigned char 
 Return value:  Size  Location     Type
                  2   25[COMRAM] unsigned int 
 Registers used:
		wreg, status,2, status,0
 Tracked objects:
		On entry : 
		On exit  : 
		Unchanged: 
 Data sizes:     COMRAM   BANK0   BANK1   BANK2   BANK3   BANK4   BANK5   BANK6   BANK7   BANK8   BANK9  BANK10  BANK11  BANK12  BANK13  BANK14  BANK15
      Params:         4       0       0       0       0       0       0       0       0       0       0       0       0       0       0       0       0
      Locals:         1       0       0       0       0       0       0       0       0       0       0       0       0       0       0       0       0
      Temps:          0       0       0       0       0       0       0       0       0       0       0       0       0       0       0       0       0
      Totals:         5       0       0       0       0       0       0       0       0       0       0       0       0       0       0       0       0
Total ram usage:        5 bytes
 Hardware stack levels used:    1
 Hardware stack levels required when called:    2
 This function calls:
		Nothing
 This function is called by:
		_printf
 This function uses a non-reentrant model


 *************** function ___lwdiv *****************
 Defined at:
		line 8 in file "C:\Program Files (x86)\Microchip\xc8\v1.45\sources\common\lwdiv.c"
 Parameters:    Size  Location     Type
  dividend        2   18[COMRAM] unsigned int 
  divisor         2   20[COMRAM] unsigned int 
 Auto vars:     Size  Location     Type
  quotient        2   22[COMRAM] unsigned int 
  counter         1   24[COMRAM] unsigned char 
 Return value:  Size  Location     Type
                  2   18[COMRAM] unsigned int 
 Registers used:
		wreg, status,2, status,0
 Tracked objects:
		On entry : 
		On exit  : 
		Unchanged: 
 Data sizes:     COMRAM   BANK0   BANK1   BANK2   BANK3   BANK4   BANK5   BANK6   BANK7   BANK8   BANK9  BANK10  BANK11  BANK12  BANK13  BANK14  BANK15
      Params:         4       0       0       0       0       0       0       0       0       0       0       0       0       0       0       0       0
      Locals:         3       0       0       0       0       0       0       0       0       0       0       0       0       0       0       0       0
      Temps:          0       0       0       0       0       0       0       0       0       0       0       0       0       0       0       0       0
      Totals:         7       0       0       0       0       0       0       0       0       0       0       0       0       0       0       0       0
Total ram usage:        7 bytes
 Hardware stack levels used:    1
 Hardware stack levels required when called:    2
 This function calls:
		Nothing
 This function is called by:
		_printf
 This function uses a non-reentrant model


 *************** function ___awmod *****************
 Defined at:
		line 8 in file "C:\Program Files (x86)\Microchip\xc8\v1.45\sources\common\awmod.c"
 Parameters:    Size  Location     Type
  dividend        2   18[COMRAM] int 
  divisor         2   20[COMRAM] int 
 Auto vars:     Size  Location     Type
  sign            1   23[COMRAM] unsigned char 
  counter         1   22[COMRAM] unsigned char 
 Return value:  Size  Location     Type
                  2   18[COMRAM] int 
 Registers used:
		wreg, status,2, status,0
 Tracked objects:
		On entry : 
		On exit  : 
		Unchanged: 
 Data sizes:     COMRAM   BANK0   BANK1   BANK2   BANK3   BANK4   BANK5   BANK6   BANK7   BANK8   BANK9  BANK10  BANK11  BANK12  BANK13  BANK14  BANK15
      Params:         4       0       0       0       0       0       0       0       0       0       0       0       0       0       0       0       0
      Locals:         2       0       0       0       0       0       0       0       0       0       0       0       0       0       0       0       0
      Temps:          0       0       0       0       0       0       0       0       0       0       0       0       0       0       0       0       0
      Totals:         6       0       0       0       0       0       0       0       0       0       0       0       0       0       0       0       0
Total ram usage:        6 bytes
 Hardware stack levels used:    1
 Hardware stack levels required when called:    2
 This function calls:
		Nothing
 This function is called by:
		_disp_Clock
 This function uses a non-reentrant model


 *************** function ___awdiv *****************
 Defined at:
		line 8 in file "C:\Program Files (x86)\Microchip\xc8\v1.45\sources\common\awdiv.c"
 Parameters:    Size  Location     Type
  dividend        2   18[COMRAM] int 
  divisor         2   20[COMRAM] int 
 Auto vars:     Size  Location     Type
  quotient        2   24[COMRAM] int 
  sign            1   23[COMRAM] unsigned char 
  counter         1   22[COMRAM] unsigned char 
 Return value:  Size  Location     Type
                  2   18[COMRAM] int 
 Registers used:
		wreg, status,2, status,0
 Tracked objects:
		On entry : 
		On exit  : 
		Unchanged: 
 Data sizes:     COMRAM   BANK0   BANK1   BANK2   BANK3   BANK4   BANK5   BANK6   BANK7   BANK8   BANK9  BANK10  BANK11  BANK12  BANK13  BANK14  BANK15
      Params:         4       0       0       0       0       0       0       0       0       0       0       0       0       0       0       0       0
      Locals:         4       0       0       0       0       0       0       0       0       0       0       0       0       0       0       0       0
      Temps:          0       0       0       0       0       0       0       0       0       0       0       0       0       0       0       0       0
      Totals:         8       0       0       0       0       0       0       0       0       0       0       0       0       0       0       0       0
Total ram usage:        8 bytes
 Hardware stack levels used:    1
 Hardware stack levels required when called:    2
 This function calls:
		Nothing
 This function is called by:
		_disp_Clock
 This function uses a non-reentrant model


 *************** function _LCDPutStr *****************
 Defined at:
		line 198 in file "BBSPI_LCD.c"
 Parameters:    Size  Location     Type
  ptr             2   25[COMRAM] PTR const unsigned char 
		 -> STR_14(17), STR_13(16), STR_11(17), STR_9(17), 
		 -> STR_5(9), STR_2(17), STR_1(17), 
 Auto vars:     Size  Location     Type
		None
 Return value:  Size  Location     Type
                  1    wreg      void 
 Registers used:
		wreg, status,2, status,0, tblptrl, tblptrh, tblptru, cstack
 Tracked objects:
		On entry : 
		On exit  : 
		Unchanged: 
 Data sizes:     COMRAM   BANK0   BANK1   BANK2   BANK3   BANK4   BANK5   BANK6   BANK7   BANK8   BANK9  BANK10  BANK11  BANK12  BANK13  BANK14  BANK15
      Params:         2       0       0       0       0       0       0       0       0       0       0       0       0       0       0       0       0
      Locals:         0       0       0       0       0       0       0       0       0       0       0       0       0       0       0       0       0
      Temps:          0       0       0       0       0       0       0       0       0       0       0       0       0       0       0       0       0
      Totals:         2       0       0       0       0       0       0       0       0       0       0       0       0       0       0       0       0
Total ram usage:        2 bytes
 Hardware stack levels used:    1
 Hardware stack levels required when called:    5
 This function calls:
		_LCDPutChar
 This function is called by:
		_Clock
		_disp_Clock
		_count_Clock
		_set_Clock
		_Intro
 This function uses a non-reentrant model


 *************** function _LCDPutChar *****************
 Defined at:
		line 160 in file "BBSPI_LCD.c"
 Parameters:    Size  Location     Type
  ch              1    wreg     unsigned char 
 Auto vars:     Size  Location     Type
  ch              1   24[COMRAM] unsigned char 
 Return value:  Size  Location     Type
                  1    wreg      void 
 Registers used:
		wreg, status,2, status,0, cstack
 Tracked objects:
		On entry : 
		On exit  : 
		Unchanged: 
 Data sizes:     COMRAM   BANK0   BANK1   BANK2   BANK3   BANK4   BANK5   BANK6   BANK7   BANK8   BANK9  BANK10  BANK11  BANK12  BANK13  BANK14  BANK15
      Params:         0       0       0       0       0       0       0       0       0       0       0       0       0       0       0       0       0
      Locals:         1       0       0       0       0       0       0       0       0       0       0       0       0       0       0       0       0
      Temps:          1       0       0       0       0       0       0       0       0       0       0       0       0       0       0       0       0
      Totals:         2       0       0       0       0       0       0       0       0       0       0       0       0       0       0       0       0
Total ram usage:        2 bytes
 Hardware stack levels used:    1
 Hardware stack levels required when called:    4
 This function calls:
		_WritePort_BBSPI
 This function is called by:
		_LCDPutStr
		_disp_Clock
 This function uses a non-reentrant model


 *************** function _LCDPutInst *****************
 Defined at:
		line 179 in file "BBSPI_LCD.c"
 Parameters:    Size  Location     Type
  ch              1    wreg     unsigned char 
 Auto vars:     Size  Location     Type
  ch              1   24[COMRAM] unsigned char 
 Return value:  Size  Location     Type
                  1    wreg      void 
 Registers used:
		wreg, status,2, status,0, cstack
 Tracked objects:
		On entry : 
		On exit  : 
		Unchanged: 
 Data sizes:     COMRAM   BANK0   BANK1   BANK2   BANK3   BANK4   BANK5   BANK6   BANK7   BANK8   BANK9  BANK10  BANK11  BANK12  BANK13  BANK14  BANK15
      Params:         0       0       0       0       0       0       0       0       0       0       0       0       0       0       0       0       0
      Locals:         1       0       0       0       0       0       0       0       0       0       0       0       0       0       0       0       0
      Temps:          1       0       0       0       0       0       0       0       0       0       0       0       0       0       0       0       0
      Totals:         2       0       0       0       0       0       0       0       0       0       0       0       0       0       0       0       0
Total ram usage:        2 bytes
 Hardware stack levels used:    1
 Hardware stack levels required when called:    4
 This function calls:
		_WritePort_BBSPI
 This function is called by:
		_LCDInit
		_Clock
		_disp_Clock
		_count_Clock
		_set_Clock
		_Intro
 This function uses a non-reentrant model


 *************** function _WritePort_BBSPI *****************
 Defined at:
		line 144 in file "BBSPI_LCD.c"
 Parameters:    Size  Location     Type
  port_add        1    wreg     unsigned char 
  a               1   21[COMRAM] unsigned char 
 Auto vars:     Size  Location     Type
  port_add        1   22[COMRAM] unsigned char 
 Return value:  Size  Location     Type
                  1    wreg      void 
 Registers used:
		wreg, status,2, status,0, cstack
 Tracked objects:
		On entry : 
		On exit  : 
		Unchanged: 
 Data sizes:     COMRAM   BANK0   BANK1   BANK2   BANK3   BANK4   BANK5   BANK6   BANK7   BANK8   BANK9  BANK10  BANK11  BANK12  BANK13  BANK14  BANK15
      Params:         1       0       0       0       0       0       0       0       0       0       0       0       0       0       0       0       0
      Locals:         1       0       0       0       0       0       0       0       0       0       0       0       0       0       0       0       0
      Temps:          0       0       0       0       0       0       0       0       0       0       0       0       0       0       0       0       0
      Totals:         2       0       0       0       0       0       0       0       0       0       0       0       0       0       0       0       0
Total ram usage:        2 bytes
 Hardware stack levels used:    1
 Hardware stack levels required when called:    3
 This function calls:
		_SendByteBBSPI
 This function is called by:
		_LCDInit
		_LCDPutChar
		_LCDPutInst
 This function uses a non-reentrant model


 *************** function _SendByteBBSPI *****************
 Defined at:
		line 91 in file "BBSPI_LCD.c"
 Parameters:    Size  Location     Type
  output          1    wreg     unsigned char 
 Auto vars:     Size  Location     Type
  output          1   18[COMRAM] unsigned char 
  input           1   20[COMRAM] unsigned char 
  bitcount        1   19[COMRAM] unsigned char 
 Return value:  Size  Location     Type
                  1    wreg      void 
 Registers used:
		wreg, status,2, status,0
 Tracked objects:
		On entry : 
		On exit  : 
		Unchanged: 
 Data sizes:     COMRAM   BANK0   BANK1   BANK2   BANK3   BANK4   BANK5   BANK6   BANK7   BANK8   BANK9  BANK10  BANK11  BANK12  BANK13  BANK14  BANK15
      Params:         0       0       0       0       0       0       0       0       0       0       0       0       0       0       0       0       0
      Locals:         3       0       0       0       0       0       0       0       0       0       0       0       0       0       0       0       0
      Temps:          0       0       0       0       0       0       0       0       0       0       0       0       0       0       0       0       0
      Totals:         3       0       0       0       0       0       0       0       0       0       0       0       0       0       0       0       0
Total ram usage:        3 bytes
 Hardware stack levels used:    1
 Hardware stack levels required when called:    2
 This function calls:
		Nothing
 This function is called by:
		_Port_BBSPIInit
		_WritePort_BBSPI
 This function uses a non-reentrant model


 *************** function _SWdelay *****************
 Defined at:
		line 33 in file "SystemInitialize.c"
 Parameters:    Size  Location     Type
		None
 Auto vars:     Size  Location     Type
		None
 Return value:  Size  Location     Type
                  1    wreg      void 
 Registers used:
		wreg, status,2
 Tracked objects:
		On entry : 
		On exit  : 
		Unchanged: 
 Data sizes:     COMRAM   BANK0   BANK1   BANK2   BANK3   BANK4   BANK5   BANK6   BANK7   BANK8   BANK9  BANK10  BANK11  BANK12  BANK13  BANK14  BANK15
      Params:         0       0       0       0       0       0       0       0       0       0       0       0       0       0       0       0       0
      Locals:         0       0       0       0       0       0       0       0       0       0       0       0       0       0       0       0       0
      Temps:          1       0       0       0       0       0       0       0       0       0       0       0       0       0       0       0       0
      Totals:         1       0       0       0       0       0       0       0       0       0       0       0       0       0       0       0       0
Total ram usage:        1 bytes
 Hardware stack levels used:    1
 Hardware stack levels required when called:    2
 This function calls:
		Nothing
 This function is called by:
		_Clock
		_count_Clock
		_set_Clock
 This function uses a non-reentrant model


 *************** function _InterruptManager *****************
 Defined at:
		line 28 in file "InterruptManager.c"
 Parameters:    Size  Location     Type
		None
 Auto vars:     Size  Location     Type
		None
 Return value:  Size  Location     Type
                  1    wreg      void 
 Registers used:
		wreg, status,2, cstack
 Tracked objects:
		On entry : 
		On exit  : 
		Unchanged: 
 Data sizes:     COMRAM   BANK0   BANK1   BANK2   BANK3   BANK4   BANK5   BANK6   BANK7   BANK8   BANK9  BANK10  BANK11  BANK12  BANK13  BANK14  BANK15
      Params:         0       0       0       0       0       0       0       0       0       0       0       0       0       0       0       0       0
      Locals:         0       0       0       0       0       0       0       0       0       0       0       0       0       0       0       0       0
      Temps:         18       0       0       0       0       0       0       0       0       0       0       0       0       0       0       0       0
      Totals:        18       0       0       0       0       0       0       0       0       0       0       0       0       0       0       0       0
Total ram usage:       18 bytes
 Hardware stack levels used:    1
 Hardware stack levels required when called:    1
 This function calls:
		_TMR1InterruptRoutine
 This function is called by:
		Interrupt level 2
 This function uses a non-reentrant model


 *************** function _TMR1InterruptRoutine *****************
 Defined at:
		line 129 in file "tmr1.c"
 Parameters:    Size  Location     Type
		None
 Auto vars:     Size  Location     Type
		None
 Return value:  Size  Location     Type
                  1    wreg      void 
 Registers used:
		wreg, status,2
 Tracked objects:
		On entry : 
		On exit  : 
		Unchanged: 
 Data sizes:     COMRAM   BANK0   BANK1   BANK2   BANK3   BANK4   BANK5   BANK6   BANK7   BANK8   BANK9  BANK10  BANK11  BANK12  BANK13  BANK14  BANK15
      Params:         0       0       0       0       0       0       0       0       0       0       0       0       0       0       0       0       0
      Locals:         0       0       0       0       0       0       0       0       0       0       0       0       0       0       0       0       0
      Temps:          0       0       0       0       0       0       0       0       0       0       0       0       0       0       0       0       0
      Totals:         0       0       0       0       0       0       0       0       0       0       0       0       0       0       0       0       0
Total ram usage:        0 bytes
 Hardware stack levels used:    1
 This function calls:
		Nothing
 This function is called by:
		_InterruptManager
 This function uses a non-reentrant model



MODULE INFORMATION

Module		Function		Class		Link	Load	Size
tmr1.c
		_TMR1Initialize		CODE           	1AF2	0000	29
		_TMR1Start     		CODE           	1BC0	0000	5
		_TMR1InterruptRoutine		CODE           	1B90	0000	17

tmr1.c estimated size: 51

C:\Program Files (x86)\Microchip\xc8\v1.45\sources\common\doprnt.c
		_printf        		CODE           	10FA	0000	619

C:\Program Files (x86)\Microchip\xc8\v1.45\sources\common\doprnt.c estimated size: 619

StateClock.c
		_set_Clock     		CODE           	14F2	0000	139
		_disp_Clock    		CODE           	1364	0000	243
		_count_Clock   		CODE           	1600	0000	131
		_Clock         		CODE           	1882	0000	95

StateClock.c estimated size: 608

C:\Program Files (x86)\Microchip\xc8\v1.45\sources\common\Umul16.c
		___wmul        		CODE           	1A70	0000	39

C:\Program Files (x86)\Microchip\xc8\v1.45\sources\common\Umul16.c estimated size: 39

InterruptManager.c
		_InterruptManager		CODE           	0008	0000	163
		_InterruptInitialize		CODE           	1BAC	0000	11

InterruptManager.c estimated size: 174

C:\Program Files (x86)\Microchip\xc8\v1.45\sources\common\isdigit.c
		_isdigit       		CODE           	1AD4	0000	31

C:\Program Files (x86)\Microchip\xc8\v1.45\sources\common\isdigit.c estimated size: 31

C:\Program Files (x86)\Microchip\xc8\v1.45\sources\common\lwmod.c
		___lwmod       		CODE           	19CA	0000	67

C:\Program Files (x86)\Microchip\xc8\v1.45\sources\common\lwmod.c estimated size: 67

C:\Program Files (x86)\Microchip\xc8\v1.45\sources\common\awmod.c
		___awmod       		CODE           	1682	0000	113

C:\Program Files (x86)\Microchip\xc8\v1.45\sources\common\awmod.c estimated size: 113

BBSPI_LCD.c
		_LCDPutStr     		CODE           	1A0C	0000	51
		_LCDPutChar    		CODE           	16F2	0000	103
		_SendByteBBSPI 		CODE           	1932	0000	81
		_LCDInit       		CODE           	1822	0000	97
		_LCDPutInst    		CODE           	1758	0000	103
		_WritePort_BBSPI		CODE           	1B28	0000	27
		_InitBBSPI     		CODE           	1B7E	0000	19
		_Port_BBSPIInit		CODE           	1B0E	0000	27

BBSPI_LCD.c estimated size: 508

SystemInitialize.c
		_SWdelay       		CODE           	1A3E	0000	51
		_PortInitialize		CODE           	1AB6	0000	31
		_SysInitialize 		CODE           	1B6C	0000	19

SystemInitialize.c estimated size: 101

eusart1.c
		_EUSART1_Initialize		CODE           	1B58	0000	21
		_putch         		CODE           	1BB6	0000	11
		_EUSART1_Write 		CODE           	1BA0	0000	13

eusart1.c estimated size: 45

shared
		_dpowers       		SMALLCONST     	1001	0000	11
		__initialization		CODE           	1B42	0000	13

shared estimated size: 24

StateIntro.c
		_Intro         		CODE           	1982	0000	73
		_IntroDelay    		CODE           	17BE	0000	101

StateIntro.c estimated size: 174

C:\Program Files (x86)\Microchip\xc8\v1.45\sources\common\lwdiv.c
		___lwdiv       		CODE           	18E0	0000	83

C:\Program Files (x86)\Microchip\xc8\v1.45\sources\common\lwdiv.c estimated size: 83

C:\Program Files (x86)\Microchip\xc8\v1.45\sources\common\awdiv.c
		___awdiv       		CODE           	157C	0000	133

C:\Program Files (x86)\Microchip\xc8\v1.45\sources\common\awdiv.c estimated size: 133

main.c
		_main          		CODE           	1A96	0000	33

main.c estimated size: 33

