Microchip MPLAB XC8 Compiler V1.45 ()

Linker command line:

-W-3 --edf=C:\Program Files (x86)\Microchip\xc8\v1.45\dat\en_msgs.txt -cs \
  -h+dist/default/debug\RTC_01.X.debug.sym \
  --cmf=dist/default/debug\RTC_01.X.debug.cmf -z -Q18F8722 \
  -oC:\Users\Lenovo\AppData\Local\Temp\scks.2 \
  -Mdist/default/debug/RTC_01.X.debug.map -E1 -ver=XC8 -ASTACK=060h-0f5fh \
  -pstack=STACK -ACODE=00h-01FFFFh -ACONST=00h-01FFFFh \
  -ASMALLCONST=01000h-010FFhx496 \
  -AMEDIUMCONST=01000h-0FFFFh,011000h-01FFFFh -ACOMRAM=01h-05Fh \
  -AABS1=00h-0F5Fh -ABIGRAM=01h-0F5Fh \
  -ARAM=060h-0FFh,0100h-01FFhx14,0F00h-0F5Fh -ABANK0=060h-0FFh \
  -ABANK1=0100h-01FFh -ABANK2=0200h-02FFh -ABANK3=0300h-03FFh \
  -ABANK4=0400h-04FFh -ABANK5=0500h-05FFh -ABANK6=0600h-06FFh \
  -ABANK7=0700h-07FFh -ABANK8=0800h-08FFh -ABANK9=0900h-09FFh \
  -ABANK10=0A00h-0AFFh -ABANK11=0B00h-0BFFh -ABANK12=0C00h-0CFFh \
  -ABANK13=0D00h-0DFFh -ABANK14=0E00h-0EFFh -ABANK15=0F00h-0F5Fh \
  -ASFR=0F60h-0FFFh -preset_vec=00h,intcode=08h,intcodelo,powerup,init \
  -pramtop=01000h -psmallconst=SMALLCONST -pmediumconst=MEDIUMCONST \
  -pconst=CONST -AFARRAM=00h-00h -ACONFIG=0300000h-030000Dh -pconfig=CONFIG \
  -AIDLOC=0200000h-0200007h -pidloc=IDLOC -AEEDATA=0F00000h-0F003FFh \
  -peeprom_data=EEDATA \
  -prdata=COMRAM,nvrram=COMRAM,nvbit=COMRAM,rbss=COMRAM,rbit=COMRAM \
  -pfarbss=FARRAM,fardata=FARRAM,nvFARRAM=FARRAM \
  -pintsave_regs=BIGRAM,bigbss=BIGRAM,bigdata=BIGRAM -pbss=RAM \
  -pidata=CODE,irdata=CODE,ibigdata=CODE,ifardata=CODE -prparam=COMRAM \
  C:\Users\Lenovo\AppData\Local\Temp\scks.obj \
  dist/default/debug\RTC_01.X.debug.obj 

Object code version is 3.11

Machine type is 18F8722

Call graph: (short form)




                Name                               Link     Load   Length Selector   Space Scale
C:\Users\Lenovo\AppData\Local\Temp\scks.obj
                init                                  E        E        4        4       0
                reset_vec                             0        0        4        0       0
                idloc                            200000   200000        8   200000       0
                config                           300000   300000        E   300000       0
dist/default/debug\RTC_01.X.debug.obj
                intcode                               8        8        6        4       0
                temp                                 24       24        1        1       1
                smallconst                         1000     1000       70      800       0
                text24                             171C     171C       10      838       0
                intcode_body                       112C     112C       9C      838       0
                text22                             163C     163C       2A      838       0
                text21                             153C     153C       50      838       0
                text20                             16DA     16DA       1A      838       0
                text19                             1416     1416       66      838       0
                text18                             13B0     13B0       66      838       0
                text17                             15DA     15DA       32      838       0
                text16                             11C8     11C8       84      838       0
                text15                             1340     1340       70      838       0
                text14                             1070     1070       BC      838       0
                text13                             124C     124C       7E      838       0
                text12                             12CA     12CA       76      838       0
                text11                             158C     158C       4E      838       0
                text10                             14DC     14DC       60      838       0
                text9                              170A     170A       12      838       0
                text8                              16C0     16C0       1A      838       0
                text7                              147C     147C       60      838       0
                text6                              160C     160C       30      838       0
                text5                              173A     173A        A      838       0
                text4                              1686     1686       1E      838       0
                text3                              1744     1744        4      838       0
                text2                              16A4     16A4       1C      838       0
                text1                              172C     172C        E      838       0
                text0                              1666     1666       20      838       0
                cstackCOMRAM                          1        1       1B        1       1
                bssCOMRAM                            1C       1C        8        1       1
                cinit                              16F4     16F4       16      838       0

TOTAL           Name                               Link     Load   Length     Space
        CLASS   STACK          

        CLASS   CODE           
                intcode                               8        8        6         0
                init                                  E        E        4         0
                reset_vec                             0        0        4         0
                text24                             171C     171C       10         0
                intcode_body                       112C     112C       9C         0
                text22                             163C     163C       2A         0
                text21                             153C     153C       50         0
                text20                             16DA     16DA       1A         0
                text19                             1416     1416       66         0
                text18                             13B0     13B0       66         0
                text17                             15DA     15DA       32         0
                text16                             11C8     11C8       84         0
                text15                             1340     1340       70         0
                text14                             1070     1070       BC         0
                text13                             124C     124C       7E         0
                text12                             12CA     12CA       76         0
                text11                             158C     158C       4E         0
                text10                             14DC     14DC       60         0
                text9                              170A     170A       12         0
                text8                              16C0     16C0       1A         0
                text7                              147C     147C       60         0
                text6                              160C     160C       30         0
                text5                              173A     173A        A         0
                text4                              1686     1686       1E         0
                text3                              1744     1744        4         0
                text2                              16A4     16A4       1C         0
                text1                              172C     172C        E         0
                text0                              1666     1666       20         0
                cinit                              16F4     16F4       16         0

        CLASS   CONST          

        CLASS   SMALLCONST     
                smallconst                         1000     1000       70         0

        CLASS   MEDIUMCONST    

        CLASS   COMRAM         
                temp                                 24       24        1         1
                cstackCOMRAM                          1        1       1B         1
                bssCOMRAM                            1C       1C        8         1

        CLASS   ABS1           

        CLASS   BIGRAM         

        CLASS   RAM            

        CLASS   BANK0          

        CLASS   BANK1          

        CLASS   BANK2          

        CLASS   BANK3          

        CLASS   BANK4          

        CLASS   BANK5          

        CLASS   BANK6          

        CLASS   BANK7          

        CLASS   BANK8          

        CLASS   BANK9          

        CLASS   BANK10         

        CLASS   BANK11         

        CLASS   BANK12         

        CLASS   BANK13         

        CLASS   BANK14         

        CLASS   BANK15         

        CLASS   SFR            

        CLASS   FARRAM         

        CLASS   CONFIG         
                config                           300000   300000        E         0

        CLASS   IDLOC          
                idloc                            200000   200000        8         0

        CLASS   EEDATA         



SEGMENTS        Name                           Load    Length   Top    Selector   Space  Class

                reset_vec                      000000  000004  000004         0       0  CODE    
                cstackCOMRAM                   000001  000024  000025         1       1  COMRAM  
                intcode                        000008  00000A  000012         4       0  CODE    
                smallconst                     001000  000070  001070       800       0  SMALLCON
                text14                         001070  0006D8  001748       838       0  CODE    
                idloc                          200000  000008  200008    200000       0  IDLOC   
                config                         300000  00000E  30000E    300000       0  CONFIG  


UNUSED ADDRESS RANGES

        Name                Unused          Largest block    Delta
        BANK0            000060-0000FF               A0
        BANK1            000100-0001FF              100
        BANK10           000A00-000AFF              100
        BANK11           000B00-000BFF              100
        BANK12           000C00-000CFF              100
        BANK13           000D00-000DFF              100
        BANK14           000E00-000EFF              100
        BANK15           000F00-000F5F               60
        BANK2            000200-0002FF              100
        BANK3            000300-0003FF              100
        BANK4            000400-0004FF              100
        BANK5            000500-0005FF              100
        BANK6            000600-0006FF              100
        BANK7            000700-0007FF              100
        BANK8            000800-0008FF              100
        BANK9            000900-0009FF              100
        BIGRAM           000025-000F5F              F3B
        CODE             000004-000007                4
                         000012-000FFF              FEE
                         001748-01FFFF            1E8B8
        COMRAM           000025-00005F               3B
        CONST            000004-000007                4
                         000012-000FFF              FEE
                         001748-01FFFF            1E8B8
        EEDATA           F00000-F003FF              400
        MEDIUMCONST      001748-00FFFF             E8B8
                         011000-01FFFF             F000
        RAM              000060-000F5F              100
        SFR              000F60-000FFF               A0
        SMALLCONST       001748-01FFFF              100
        STACK            000060-000F5F              F00

                                  Symbol Table

?___awdiv                      cstackCOMRAM 000013
?___awmod                      cstackCOMRAM 000013
IntroDelay@aux                 cstackCOMRAM 000017
IntroDelay@i                   cstackCOMRAM 000015
IntroDelay@n                   cstackCOMRAM 000016
LCDPutChar@ch                  cstackCOMRAM 000019
LCDPutInst@ch                  cstackCOMRAM 000019
LCDPutStr@ptr                  cstackCOMRAM 00001A
Port_BBSPIInit@port_dir        cstackCOMRAM 000016
SendByteBBSPI@bitcount         cstackCOMRAM 000014
SendByteBBSPI@input            cstackCOMRAM 000015
SendByteBBSPI@output           cstackCOMRAM 000013
WritePort_BBSPI@a              cstackCOMRAM 000016
WritePort_BBSPI@port_add       cstackCOMRAM 000017
_ADCON1bits                    (abs)        000FC1
_Clock                         text11       00158C
_INTCONbits                    (abs)        000FF2
_InitBBSPI                     text9        00170A
_InterruptInitialize           text5        00173A
_InterruptManager              intcode      000008
_Intro                         text6        00160C
_IntroDelay                    text10       0014DC
_LATA                          (abs)        000F89
_LATAbits                      (abs)        000F89
_LATB                          (abs)        000F8A
_LATCbits                      (abs)        000F8B
_LATFbits                      (abs)        000F8E
_LCDInit                       text7        00147C
_LCDPutChar                    text18       0013B0
_LCDPutInst                    text19       001416
_LCDPutStr                     text17       0015DA
_PIE1bits                      (abs)        000F9D
_PIR1bits                      (abs)        000F9E
_PORTAbits                     (abs)        000F80
_PORTBbits                     (abs)        000F81
_PORTD                         (abs)        000F83
_PortInitialize                text4        001686
_Port_BBSPIInit                text8        0016C0
_RCONbits                      (abs)        000FD0
_RCREG                         (abs)        000FAE
_RCSTA                         (abs)        000FAB
_RCSTAbits                     (abs)        000FAB
_SPBRG                         (abs)        000FAF
_SWdelay                       text22       00163C
_SendByteBBSPI                 text21       00153C
_State                         bssCOMRAM    00001C
_StateMachine                  bssCOMRAM    00001D
_SysInitialize                 text1        00172C
_T1CONbits                     (abs)        000FCD
_TMR1H                         (abs)        000FCF
_TMR1Initialize                text2        0016A4
_TMR1InterruptRoutine          text24       00171C
_TMR1L                         (abs)        000FCE
_TMR1Start                     text3        001744
_TRISAbits                     (abs)        000F92
_TRISBbits                     (abs)        000F93
_TRISCbits                     (abs)        000F94
_TRISD                         (abs)        000F95
_TRISFbits                     (abs)        000F97
_TXREG                         (abs)        000FAD
_TXSTA                         (abs)        000FAC
_Time                          bssCOMRAM    00001E
_Timer1Flag                    bssCOMRAM    000023
_WritePort_BBSPI               text20       0016DA
__CFG_ADDRBW$ADDR20BIT         (abs)        000000
__CFG_BBSIZ$BB2K               (abs)        000000
__CFG_BOREN$SBORDIS            (abs)        000000
__CFG_BORV$3                   (abs)        000000
__CFG_CCP2MX$PORTC             (abs)        000000
__CFG_CP0$OFF                  (abs)        000000
__CFG_CP1$OFF                  (abs)        000000
__CFG_CP2$OFF                  (abs)        000000
__CFG_CP3$OFF                  (abs)        000000
__CFG_CP4$OFF                  (abs)        000000
__CFG_CP5$OFF                  (abs)        000000
__CFG_CP6$OFF                  (abs)        000000
__CFG_CP7$OFF                  (abs)        000000
__CFG_CPB$OFF                  (abs)        000000
__CFG_CPD$OFF                  (abs)        000000
__CFG_DATABW$DATA16BIT         (abs)        000000
__CFG_EBTR0$OFF                (abs)        000000
__CFG_EBTR1$OFF                (abs)        000000
__CFG_EBTR2$OFF                (abs)        000000
__CFG_EBTR3$OFF                (abs)        000000
__CFG_EBTR4$OFF                (abs)        000000
__CFG_EBTR5$OFF                (abs)        000000
__CFG_EBTR6$OFF                (abs)        000000
__CFG_EBTR7$OFF                (abs)        000000
__CFG_EBTRB$OFF                (abs)        000000
__CFG_ECCPMX$PORTE             (abs)        000000
__CFG_FCMEN$OFF                (abs)        000000
__CFG_IESO$OFF                 (abs)        000000
__CFG_LPT1OSC$OFF              (abs)        000000
__CFG_LVP$OFF                  (abs)        000000
__CFG_MCLRE$ON                 (abs)        000000
__CFG_MODE$MC                  (abs)        000000
__CFG_OSC$HSPLL                (abs)        000000
__CFG_PWRT$ON                  (abs)        000000
__CFG_STVREN$ON                (abs)        000000
__CFG_WAIT$OFF                 (abs)        000000
__CFG_WDT$OFF                  (abs)        000000
__CFG_WDTPS$32768              (abs)        000000
__CFG_WRT0$OFF                 (abs)        000000
__CFG_WRT1$OFF                 (abs)        000000
__CFG_WRT2$OFF                 (abs)        000000
__CFG_WRT3$OFF                 (abs)        000000
__CFG_WRT4$OFF                 (abs)        000000
__CFG_WRT5$OFF                 (abs)        000000
__CFG_WRT6$OFF                 (abs)        000000
__CFG_WRT7$OFF                 (abs)        000000
__CFG_WRTB$OFF                 (abs)        000000
__CFG_WRTC$OFF                 (abs)        000000
__CFG_WRTD$OFF                 (abs)        000000
__CFG_XINST$OFF                (abs)        000000
__HRAM                         (abs)        000000
__Habs1                        abs1         000000
__Hbank0                       bank0        000000
__Hbank1                       bank1        000000
__Hbank10                      bank10       000000
__Hbank11                      bank11       000000
__Hbank12                      bank12       000000
__Hbank13                      bank13       000000
__Hbank14                      bank14       000000
__Hbank15                      bank15       000000
__Hbank2                       bank2        000000
__Hbank3                       bank3        000000
__Hbank4                       bank4        000000
__Hbank5                       bank5        000000
__Hbank6                       bank6        000000
__Hbank7                       bank7        000000
__Hbank8                       bank8        000000
__Hbank9                       bank9        000000
__Hbigbss                      bigbss       000000
__Hbigdata                     bigdata      000000
__Hbigram                      bigram       000000
__Hbss                         bss          000000
__HbssCOMRAM                   bssCOMRAM    000000
__Hcinit                       cinit        000000
__Hclrtext                     clrtext      000000
__Hcomram                      comram       000000
__Hconfig                      config       30000E
__Hconst                       const        000000
__HcstackCOMRAM                cstackCOMRAM 000000
__Hdata                        data         000000
__Heeprom_data                 eeprom_data  000000
__Hfarbss                      farbss       000000
__Hfardata                     fardata      000000
__Hibigdata                    ibigdata     000000
__Hidata                       idata        000000
__Hidloc                       idloc        200008
__Hifardata                    ifardata     000000
__Hinit                        init         000012
__Hintcode                     intcode      00000E
__Hintcode_body                intcode_body 000000
__Hintcodelo                   intcodelo    00000E
__Hintentry                    intentry     000000
__Hintret                      intret       000000
__Hintsave_regs                intsave_regs 000000
__Hirdata                      irdata       000000
__Hmediumconst                 mediumconst  000000
__HnvFARRAM                    nvFARRAM     000000
__Hnvbit                       nvbit        000000
__Hnvrram                      nvrram       000000
__Hparam                       rparam       000000
__Hpowerup                     powerup      00000E
__Hram                         ram          000000
__Hramtop                      ramtop       001000
__Hrbit                        rbit         000000
__Hrbss                        rbss         000000
__Hrdata                       rdata        000000
__Hreset_vec                   reset_vec    000004
__Hrparam                      rparam       000000
__Hsfr                         sfr          000000
__Hsmallconst                  smallconst   001070
__Hspace_0                     (abs)        30000E
__Hspace_1                     (abs)        000025
__Hspace_2                     (abs)        000000
__Hstack                       stack        000000
__Hstruct                      struct       000000
__Htemp                        temp         000025
__Htext                        text         000000
__Htext0                       text0        000000
__Htext1                       text1        000000
__Htext10                      text10       000000
__Htext11                      text11       000000
__Htext12                      text12       000000
__Htext13                      text13       000000
__Htext14                      text14       000000
__Htext15                      text15       000000
__Htext16                      text16       000000
__Htext17                      text17       000000
__Htext18                      text18       000000
__Htext19                      text19       000000
__Htext2                       text2        000000
__Htext20                      text20       000000
__Htext21                      text21       000000
__Htext22                      text22       000000
__Htext24                      text24       000000
__Htext3                       text3        000000
__Htext4                       text4        000000
__Htext5                       text5        000000
__Htext6                       text6        000000
__Htext7                       text7        000000
__Htext8                       text8        000000
__Htext9                       text9        000000
__LRAM                         (abs)        000001
__Labs1                        abs1         000000
__Lbank0                       bank0        000000
__Lbank1                       bank1        000000
__Lbank10                      bank10       000000
__Lbank11                      bank11       000000
__Lbank12                      bank12       000000
__Lbank13                      bank13       000000
__Lbank14                      bank14       000000
__Lbank15                      bank15       000000
__Lbank2                       bank2        000000
__Lbank3                       bank3        000000
__Lbank4                       bank4        000000
__Lbank5                       bank5        000000
__Lbank6                       bank6        000000
__Lbank7                       bank7        000000
__Lbank8                       bank8        000000
__Lbank9                       bank9        000000
__Lbigbss                      bigbss       000000
__Lbigdata                     bigdata      000000
__Lbigram                      bigram       000000
__Lbss                         bss          000000
__LbssCOMRAM                   bssCOMRAM    000000
__Lcinit                       cinit        000000
__Lclrtext                     clrtext      000000
__Lcomram                      comram       000000
__Lconfig                      config       300000
__Lconst                       const        000000
__LcstackCOMRAM                cstackCOMRAM 000000
__Ldata                        data         000000
__Leeprom_data                 eeprom_data  000000
__Lfarbss                      farbss       000000
__Lfardata                     fardata      000000
__Libigdata                    ibigdata     000000
__Lidata                       idata        000000
__Lidloc                       idloc        200000
__Lifardata                    ifardata     000000
__Linit                        init         00000E
__Lintcode                     intcode      000008
__Lintcode_body                intcode_body 000000
__Lintcodelo                   intcodelo    00000E
__Lintentry                    intentry     000000
__Lintret                      intret       000000
__Lintsave_regs                intsave_regs 000000
__Lirdata                      irdata       000000
__Lmediumconst                 mediumconst  000000
__LnvFARRAM                    nvFARRAM     000000
__Lnvbit                       nvbit        000000
__Lnvrram                      nvrram       000000
__Lparam                       rparam       000000
__Lpowerup                     powerup      00000E
__Lram                         ram          000000
__Lramtop                      ramtop       001000
__Lrbit                        rbit         000000
__Lrbss                        rbss         000000
__Lrdata                       rdata        000000
__Lreset_vec                   reset_vec    000000
__Lrparam                      rparam       000000
__Lsfr                         sfr          000000
__Lsmallconst                  smallconst   001000
__Lspace_0                     (abs)        000000
__Lspace_1                     (abs)        000000
__Lspace_2                     (abs)        000000
__Lstack                       stack        000000
__Lstruct                      struct       000000
__Ltemp                        temp         000024
__Ltext                        text         000000
__Ltext0                       text0        000000
__Ltext1                       text1        000000
__Ltext10                      text10       000000
__Ltext11                      text11       000000
__Ltext12                      text12       000000
__Ltext13                      text13       000000
__Ltext14                      text14       000000
__Ltext15                      text15       000000
__Ltext16                      text16       000000
__Ltext17                      text17       000000
__Ltext18                      text18       000000
__Ltext19                      text19       000000
__Ltext2                       text2        000000
__Ltext20                      text20       000000
__Ltext21                      text21       000000
__Ltext22                      text22       000000
__Ltext24                      text24       000000
__Ltext3                       text3        000000
__Ltext4                       text4        000000
__Ltext5                       text5        000000
__Ltext6                       text6        000000
__Ltext7                       text7        000000
__Ltext8                       text8        000000
__Ltext9                       text9        000000
__S0                           (abs)        30000E
__S1                           (abs)        000025
__S2                           (abs)        000000
___awdiv                       text16       0011C8
___awdiv@counter               cstackCOMRAM 000017
___awdiv@dividend              cstackCOMRAM 000013
___awdiv@divisor               cstackCOMRAM 000015
___awdiv@quotient              cstackCOMRAM 000019
___awdiv@sign                  cstackCOMRAM 000018
___awmod                       text15       001340
___awmod@counter               cstackCOMRAM 000017
___awmod@dividend              cstackCOMRAM 000013
___awmod@divisor               cstackCOMRAM 000015
___awmod@sign                  cstackCOMRAM 000018
___extmem_base                 (abs)        020000
___inthi_sp                    stack        000000
___intlo_sp                    stack        000000
___param_bank                  (abs)        000000
___rparam_used                 (abs)        000001
___sp                          stack        000000
__accesstop                    (abs)        000060
__activetblptr                 (abs)        000003
__end_of_Clock                 text11       0015DA
__end_of_InitBBSPI             text9        00171C
__end_of_InterruptInitialize   text5        001744
__end_of_InterruptManager      intcode_body 0011C8
__end_of_Intro                 text6        00163C
__end_of_IntroDelay            text10       00153C
__end_of_LCDInit               text7        0014DC
__end_of_LCDPutChar            text18       001416
__end_of_LCDPutInst            text19       00147C
__end_of_LCDPutStr             text17       00160C
__end_of_PortInitialize        text4        0016A4
__end_of_Port_BBSPIInit        text8        0016DA
__end_of_SWdelay               text22       001666
__end_of_SendByteBBSPI         text21       00158C
__end_of_SysInitialize         text1        00173A
__end_of_TMR1Initialize        text2        0016C0
__end_of_TMR1InterruptRoutine  text24       00172C
__end_of_TMR1Start             text3        001748
__end_of_WritePort_BBSPI       text20       0016F4
__end_of___awdiv               text16       00124C
__end_of___awmod               text15       0013B0
__end_of__initialization       cinit        001700
__end_of_count_Clock           text12       001340
__end_of_disp_Clock            text14       00112C
__end_of_main                  text0        001686
__end_of_set_Clock             text13       0012CA
__initialization               cinit        0016F4
__mediumconst                  mediumconst  000000
__pbssCOMRAM                   bssCOMRAM    00001C
__pcinit                       cinit        0016F4
__pcstackCOMRAM                cstackCOMRAM 000001
__pintcode                     intcode      000008
__pintcode_body                intcode_body 00112C
__psmallconst                  smallconst   001000
__ptext0                       text0        001666
__ptext1                       text1        00172C
__ptext10                      text10       0014DC
__ptext11                      text11       00158C
__ptext12                      text12       0012CA
__ptext13                      text13       00124C
__ptext14                      text14       001070
__ptext15                      text15       001340
__ptext16                      text16       0011C8
__ptext17                      text17       0015DA
__ptext18                      text18       0013B0
__ptext19                      text19       001416
__ptext2                       text2        0016A4
__ptext20                      text20       0016DA
__ptext21                      text21       00153C
__ptext22                      text22       00163C
__ptext24                      text24       00171C
__ptext3                       text3        001744
__ptext4                       text4        001686
__ptext5                       text5        00173A
__ptext6                       text6        00160C
__ptext7                       text7        00147C
__ptext8                       text8        0016C0
__ptext9                       text9        00170A
__ramtop                       ramtop       001000
__size_of_Clock                (abs)        000000
__size_of_InitBBSPI            (abs)        000000
__size_of_InterruptInitialize  (abs)        000000
__size_of_InterruptManager     (abs)        000000
__size_of_Intro                (abs)        000000
__size_of_IntroDelay           (abs)        000000
__size_of_LCDInit              (abs)        000000
__size_of_LCDPutChar           (abs)        000000
__size_of_LCDPutInst           (abs)        000000
__size_of_LCDPutStr            (abs)        000000
__size_of_PortInitialize       (abs)        000000
__size_of_Port_BBSPIInit       (abs)        000000
__size_of_SWdelay              (abs)        000000
__size_of_SendByteBBSPI        (abs)        000000
__size_of_SysInitialize        (abs)        000000
__size_of_TMR1Initialize       (abs)        000000
__size_of_TMR1InterruptRoutine (abs)        000000
__size_of_TMR1Start            (abs)        000000
__size_of_WritePort_BBSPI      (abs)        000000
__size_of___awdiv              (abs)        000000
__size_of___awmod              (abs)        000000
__size_of_count_Clock          (abs)        000000
__size_of_disp_Clock           (abs)        000000
__size_of_main                 (abs)        000000
__size_of_set_Clock            (abs)        000000
__smallconst                   smallconst   001000
_count_Clock                   text12       0012CA
_disp_Clock                    text14       001070
_hr                            bssCOMRAM    000022
_main                          text0        001666
_min                           bssCOMRAM    000021
_sec                           bssCOMRAM    000020
_set_Clock                     text13       00124C
_timeset                       bssCOMRAM    00001F
btemp                          temp         000024
end_of_initialization          cinit        001700
int$flags                      temp         000024
int_func                       intcode_body 00112C
intlevel0                      text         000000
intlevel1                      text         000000
intlevel2                      text         000000
intlevel3                      text         000000
stackhi                        (abs)        000F5F
stacklo                        (abs)        000060
start                          init         00000E
start_initialization           cinit        0016F4
wtemp6                         temp         000025


FUNCTION INFORMATION:

 *************** function _main *****************
 Defined at:
		line 20 in file "main.c"
 Parameters:    Size  Location     Type
		None
 Auto vars:     Size  Location     Type
		None
 Return value:  Size  Location     Type
                  1    wreg      void 
 Registers used:
		wreg, status,2, status,0, tblptrl, tblptrh, tblptru, cstack
 Tracked objects:
		On entry : 
		On exit  : 
		Unchanged: 
 Data sizes:     COMRAM   BANK0   BANK1   BANK2   BANK3   BANK4   BANK5   BANK6   BANK7   BANK8   BANK9  BANK10  BANK11  BANK12  BANK13  BANK14  BANK15
      Params:         0       0       0       0       0       0       0       0       0       0       0       0       0       0       0       0       0
      Locals:         0       0       0       0       0       0       0       0       0       0       0       0       0       0       0       0       0
      Temps:          0       0       0       0       0       0       0       0       0       0       0       0       0       0       0       0       0
      Totals:         0       0       0       0       0       0       0       0       0       0       0       0       0       0       0       0       0
Total ram usage:        0 bytes
 Hardware stack levels required when called:   10
 This function calls:
		_Clock
		_Intro
		_SysInitialize
 This function is called by:
		Startup code after reset
 This function uses a non-reentrant model


 *************** function _SysInitialize *****************
 Defined at:
		line 4 in file "SystemInitialize.c"
 Parameters:    Size  Location     Type
		None
 Auto vars:     Size  Location     Type
		None
 Return value:  Size  Location     Type
                  1    wreg      void 
 Registers used:
		wreg, status,2, cstack
 Tracked objects:
		On entry : 
		On exit  : 
		Unchanged: 
 Data sizes:     COMRAM   BANK0   BANK1   BANK2   BANK3   BANK4   BANK5   BANK6   BANK7   BANK8   BANK9  BANK10  BANK11  BANK12  BANK13  BANK14  BANK15
      Params:         0       0       0       0       0       0       0       0       0       0       0       0       0       0       0       0       0
      Locals:         0       0       0       0       0       0       0       0       0       0       0       0       0       0       0       0       0
      Temps:          0       0       0       0       0       0       0       0       0       0       0       0       0       0       0       0       0
      Totals:         0       0       0       0       0       0       0       0       0       0       0       0       0       0       0       0       0
Total ram usage:        0 bytes
 Hardware stack levels used:    1
 Hardware stack levels required when called:    4
 This function calls:
		_InterruptInitialize
		_PortInitialize
		_TMR1Initialize
 This function is called by:
		_main
 This function uses a non-reentrant model


 *************** function _TMR1Initialize *****************
 Defined at:
		line 8 in file "tmr1.c"
 Parameters:    Size  Location     Type
		None
 Auto vars:     Size  Location     Type
		None
 Return value:  Size  Location     Type
                  1    wreg      void 
 Registers used:
		wreg, status,2, cstack
 Tracked objects:
		On entry : 
		On exit  : 
		Unchanged: 
 Data sizes:     COMRAM   BANK0   BANK1   BANK2   BANK3   BANK4   BANK5   BANK6   BANK7   BANK8   BANK9  BANK10  BANK11  BANK12  BANK13  BANK14  BANK15
      Params:         0       0       0       0       0       0       0       0       0       0       0       0       0       0       0       0       0
      Locals:         0       0       0       0       0       0       0       0       0       0       0       0       0       0       0       0       0
      Temps:          0       0       0       0       0       0       0       0       0       0       0       0       0       0       0       0       0
      Totals:         0       0       0       0       0       0       0       0       0       0       0       0       0       0       0       0       0
Total ram usage:        0 bytes
 Hardware stack levels used:    1
 Hardware stack levels required when called:    3
 This function calls:
		_TMR1Start
 This function is called by:
		_SysInitialize
 This function uses a non-reentrant model


 *************** function _TMR1Start *****************
 Defined at:
		line 61 in file "tmr1.c"
 Parameters:    Size  Location     Type
		None
 Auto vars:     Size  Location     Type
		None
 Return value:  Size  Location     Type
                  1    wreg      void 
 Registers used:
		None
 Tracked objects:
		On entry : 
		On exit  : 
		Unchanged: 
 Data sizes:     COMRAM   BANK0   BANK1   BANK2   BANK3   BANK4   BANK5   BANK6   BANK7   BANK8   BANK9  BANK10  BANK11  BANK12  BANK13  BANK14  BANK15
      Params:         0       0       0       0       0       0       0       0       0       0       0       0       0       0       0       0       0
      Locals:         0       0       0       0       0       0       0       0       0       0       0       0       0       0       0       0       0
      Temps:          0       0       0       0       0       0       0       0       0       0       0       0       0       0       0       0       0
      Totals:         0       0       0       0       0       0       0       0       0       0       0       0       0       0       0       0       0
Total ram usage:        0 bytes
 Hardware stack levels used:    1
 Hardware stack levels required when called:    2
 This function calls:
		Nothing
 This function is called by:
		_TMR1Initialize
 This function uses a non-reentrant model


 *************** function _PortInitialize *****************
 Defined at:
		line 12 in file "SystemInitialize.c"
 Parameters:    Size  Location     Type
		None
 Auto vars:     Size  Location     Type
		None
 Return value:  Size  Location     Type
                  1    wreg      void 
 Registers used:
		wreg, status,2
 Tracked objects:
		On entry : 
		On exit  : 
		Unchanged: 
 Data sizes:     COMRAM   BANK0   BANK1   BANK2   BANK3   BANK4   BANK5   BANK6   BANK7   BANK8   BANK9  BANK10  BANK11  BANK12  BANK13  BANK14  BANK15
      Params:         0       0       0       0       0       0       0       0       0       0       0       0       0       0       0       0       0
      Locals:         0       0       0       0       0       0       0       0       0       0       0       0       0       0       0       0       0
      Temps:          0       0       0       0       0       0       0       0       0       0       0       0       0       0       0       0       0
      Totals:         0       0       0       0       0       0       0       0       0       0       0       0       0       0       0       0       0
Total ram usage:        0 bytes
 Hardware stack levels used:    1
 Hardware stack levels required when called:    2
 This function calls:
		Nothing
 This function is called by:
		_SysInitialize
 This function uses a non-reentrant model


 *************** function _InterruptInitialize *****************
 Defined at:
		line 4 in file "InterruptManager.c"
 Parameters:    Size  Location     Type
		None
 Auto vars:     Size  Location     Type
		None
 Return value:  Size  Location     Type
                  1    wreg      void 
 Registers used:
		None
 Tracked objects:
		On entry : 
		On exit  : 
		Unchanged: 
 Data sizes:     COMRAM   BANK0   BANK1   BANK2   BANK3   BANK4   BANK5   BANK6   BANK7   BANK8   BANK9  BANK10  BANK11  BANK12  BANK13  BANK14  BANK15
      Params:         0       0       0       0       0       0       0       0       0       0       0       0       0       0       0       0       0
      Locals:         0       0       0       0       0       0       0       0       0       0       0       0       0       0       0       0       0
      Temps:          0       0       0       0       0       0       0       0       0       0       0       0       0       0       0       0       0
      Totals:         0       0       0       0       0       0       0       0       0       0       0       0       0       0       0       0       0
Total ram usage:        0 bytes
 Hardware stack levels used:    1
 Hardware stack levels required when called:    2
 This function calls:
		Nothing
 This function is called by:
		_SysInitialize
 This function uses a non-reentrant model


 *************** function _Intro *****************
 Defined at:
		line 12 in file "StateIntro.c"
 Parameters:    Size  Location     Type
		None
 Auto vars:     Size  Location     Type
		None
 Return value:  Size  Location     Type
                  1    wreg      void 
 Registers used:
		wreg, status,2, status,0, tblptrl, tblptrh, tblptru, cstack
 Tracked objects:
		On entry : 
		On exit  : 
		Unchanged: 
 Data sizes:     COMRAM   BANK0   BANK1   BANK2   BANK3   BANK4   BANK5   BANK6   BANK7   BANK8   BANK9  BANK10  BANK11  BANK12  BANK13  BANK14  BANK15
      Params:         0       0       0       0       0       0       0       0       0       0       0       0       0       0       0       0       0
      Locals:         0       0       0       0       0       0       0       0       0       0       0       0       0       0       0       0       0
      Temps:          0       0       0       0       0       0       0       0       0       0       0       0       0       0       0       0       0
      Totals:         0       0       0       0       0       0       0       0       0       0       0       0       0       0       0       0       0
Total ram usage:        0 bytes
 Hardware stack levels used:    1
 Hardware stack levels required when called:    6
 This function calls:
		_IntroDelay
		_LCDInit
		_LCDPutInst
		_LCDPutStr
 This function is called by:
		_main
 This function uses a non-reentrant model


 *************** function _LCDInit *****************
 Defined at:
		line 45 in file "BBSPI_LCD.c"
 Parameters:    Size  Location     Type
		None
 Auto vars:     Size  Location     Type
		None
 Return value:  Size  Location     Type
                  1    wreg      void 
 Registers used:
		wreg, status,2, status,0, cstack
 Tracked objects:
		On entry : 
		On exit  : 
		Unchanged: 
 Data sizes:     COMRAM   BANK0   BANK1   BANK2   BANK3   BANK4   BANK5   BANK6   BANK7   BANK8   BANK9  BANK10  BANK11  BANK12  BANK13  BANK14  BANK15
      Params:         0       0       0       0       0       0       0       0       0       0       0       0       0       0       0       0       0
      Locals:         0       0       0       0       0       0       0       0       0       0       0       0       0       0       0       0       0
      Temps:          1       0       0       0       0       0       0       0       0       0       0       0       0       0       0       0       0
      Totals:         1       0       0       0       0       0       0       0       0       0       0       0       0       0       0       0       0
Total ram usage:        1 bytes
 Hardware stack levels used:    1
 Hardware stack levels required when called:    5
 This function calls:
		_InitBBSPI
		_LCDPutInst
		_Port_BBSPIInit
		_WritePort_BBSPI
 This function is called by:
		_Intro
 This function uses a non-reentrant model


 *************** function _Port_BBSPIInit *****************
 Defined at:
		line 123 in file "BBSPI_LCD.c"
 Parameters:    Size  Location     Type
  port_dir        1    wreg     unsigned char 
 Auto vars:     Size  Location     Type
  port_dir        1   21[COMRAM] unsigned char 
 Return value:  Size  Location     Type
                  1    wreg      void 
 Registers used:
		wreg, status,2, status,0, cstack
 Tracked objects:
		On entry : 
		On exit  : 
		Unchanged: 
 Data sizes:     COMRAM   BANK0   BANK1   BANK2   BANK3   BANK4   BANK5   BANK6   BANK7   BANK8   BANK9  BANK10  BANK11  BANK12  BANK13  BANK14  BANK15
      Params:         0       0       0       0       0       0       0       0       0       0       0       0       0       0       0       0       0
      Locals:         1       0       0       0       0       0       0       0       0       0       0       0       0       0       0       0       0
      Temps:          0       0       0       0       0       0       0       0       0       0       0       0       0       0       0       0       0
      Totals:         1       0       0       0       0       0       0       0       0       0       0       0       0       0       0       0       0
Total ram usage:        1 bytes
 Hardware stack levels used:    1
 Hardware stack levels required when called:    3
 This function calls:
		_SendByteBBSPI
 This function is called by:
		_LCDInit
 This function uses a non-reentrant model


 *************** function _InitBBSPI *****************
 Defined at:
		line 70 in file "BBSPI_LCD.c"
 Parameters:    Size  Location     Type
		None
 Auto vars:     Size  Location     Type
		None
 Return value:  Size  Location     Type
                  1    wreg      void 
 Registers used:
		None
 Tracked objects:
		On entry : 
		On exit  : 
		Unchanged: 
 Data sizes:     COMRAM   BANK0   BANK1   BANK2   BANK3   BANK4   BANK5   BANK6   BANK7   BANK8   BANK9  BANK10  BANK11  BANK12  BANK13  BANK14  BANK15
      Params:         0       0       0       0       0       0       0       0       0       0       0       0       0       0       0       0       0
      Locals:         0       0       0       0       0       0       0       0       0       0       0       0       0       0       0       0       0
      Temps:          0       0       0       0       0       0       0       0       0       0       0       0       0       0       0       0       0
      Totals:         0       0       0       0       0       0       0       0       0       0       0       0       0       0       0       0       0
Total ram usage:        0 bytes
 Hardware stack levels used:    1
 Hardware stack levels required when called:    2
 This function calls:
		Nothing
 This function is called by:
		_LCDInit
 This function uses a non-reentrant model


 *************** function _IntroDelay *****************
 Defined at:
		line 36 in file "StateIntro.c"
 Parameters:    Size  Location     Type
		None
 Auto vars:     Size  Location     Type
  aux             1   22[COMRAM] unsigned char 
  n               1   21[COMRAM] unsigned char 
  i               1   20[COMRAM] unsigned char 
 Return value:  Size  Location     Type
                  1    wreg      void 
 Registers used:
		wreg, status,2, status,0
 Tracked objects:
		On entry : 
		On exit  : 
		Unchanged: 
 Data sizes:     COMRAM   BANK0   BANK1   BANK2   BANK3   BANK4   BANK5   BANK6   BANK7   BANK8   BANK9  BANK10  BANK11  BANK12  BANK13  BANK14  BANK15
      Params:         0       0       0       0       0       0       0       0       0       0       0       0       0       0       0       0       0
      Locals:         3       0       0       0       0       0       0       0       0       0       0       0       0       0       0       0       0
      Temps:          2       0       0       0       0       0       0       0       0       0       0       0       0       0       0       0       0
      Totals:         5       0       0       0       0       0       0       0       0       0       0       0       0       0       0       0       0
Total ram usage:        5 bytes
 Hardware stack levels used:    1
 Hardware stack levels required when called:    2
 This function calls:
		Nothing
 This function is called by:
		_Intro
 This function uses a non-reentrant model


 *************** function _Clock *****************
 Defined at:
		line 14 in file "StateClock.c"
 Parameters:    Size  Location     Type
		None
 Auto vars:     Size  Location     Type
		None
 Return value:  Size  Location     Type
                  1    wreg      void 
 Registers used:
		wreg, status,2, status,0, tblptrl, tblptrh, tblptru, cstack
 Tracked objects:
		On entry : 
		On exit  : 
		Unchanged: 
 Data sizes:     COMRAM   BANK0   BANK1   BANK2   BANK3   BANK4   BANK5   BANK6   BANK7   BANK8   BANK9  BANK10  BANK11  BANK12  BANK13  BANK14  BANK15
      Params:         0       0       0       0       0       0       0       0       0       0       0       0       0       0       0       0       0
      Locals:         0       0       0       0       0       0       0       0       0       0       0       0       0       0       0       0       0
      Temps:          0       0       0       0       0       0       0       0       0       0       0       0       0       0       0       0       0
      Totals:         0       0       0       0       0       0       0       0       0       0       0       0       0       0       0       0       0
Total ram usage:        0 bytes
 Hardware stack levels used:    1
 Hardware stack levels required when called:    9
 This function calls:
		_LCDPutInst
		_LCDPutStr
		_SWdelay
		_count_Clock
 This function is called by:
		_main
 This function uses a non-reentrant model


 *************** function _count_Clock *****************
 Defined at:
		line 77 in file "StateClock.c"
 Parameters:    Size  Location     Type
		None
 Auto vars:     Size  Location     Type
		None
 Return value:  Size  Location     Type
                  1    wreg      void 
 Registers used:
		wreg, status,2, status,0, tblptrl, tblptrh, tblptru, cstack
 Tracked objects:
		On entry : 
		On exit  : 
		Unchanged: 
 Data sizes:     COMRAM   BANK0   BANK1   BANK2   BANK3   BANK4   BANK5   BANK6   BANK7   BANK8   BANK9  BANK10  BANK11  BANK12  BANK13  BANK14  BANK15
      Params:         0       0       0       0       0       0       0       0       0       0       0       0       0       0       0       0       0
      Locals:         0       0       0       0       0       0       0       0       0       0       0       0       0       0       0       0       0
      Temps:          0       0       0       0       0       0       0       0       0       0       0       0       0       0       0       0       0
      Totals:         0       0       0       0       0       0       0       0       0       0       0       0       0       0       0       0       0
Total ram usage:        0 bytes
 Hardware stack levels used:    1
 Hardware stack levels required when called:    8
 This function calls:
		_LCDPutInst
		_LCDPutStr
		_SWdelay
		_disp_Clock
		_set_Clock
 This function is called by:
		_Clock
 This function uses a non-reentrant model


 *************** function _set_Clock *****************
 Defined at:
		line 129 in file "StateClock.c"
 Parameters:    Size  Location     Type
		None
 Auto vars:     Size  Location     Type
		None
 Return value:  Size  Location     Type
                  1    wreg      void 
 Registers used:
		wreg, status,2, status,0, tblptrl, tblptrh, tblptru, cstack
 Tracked objects:
		On entry : 
		On exit  : 
		Unchanged: 
 Data sizes:     COMRAM   BANK0   BANK1   BANK2   BANK3   BANK4   BANK5   BANK6   BANK7   BANK8   BANK9  BANK10  BANK11  BANK12  BANK13  BANK14  BANK15
      Params:         0       0       0       0       0       0       0       0       0       0       0       0       0       0       0       0       0
      Locals:         0       0       0       0       0       0       0       0       0       0       0       0       0       0       0       0       0
      Temps:          0       0       0       0       0       0       0       0       0       0       0       0       0       0       0       0       0
      Totals:         0       0       0       0       0       0       0       0       0       0       0       0       0       0       0       0       0
Total ram usage:        0 bytes
 Hardware stack levels used:    1
 Hardware stack levels required when called:    7
 This function calls:
		_LCDPutInst
		_LCDPutStr
		_SWdelay
		_disp_Clock
 This function is called by:
		_count_Clock
 This function uses a non-reentrant model


 *************** function _disp_Clock *****************
 Defined at:
		line 50 in file "StateClock.c"
 Parameters:    Size  Location     Type
		None
 Auto vars:     Size  Location     Type
		None
 Return value:  Size  Location     Type
                  1    wreg      void 
 Registers used:
		wreg, status,2, status,0, tblptrl, tblptrh, tblptru, cstack
 Tracked objects:
		On entry : 
		On exit  : 
		Unchanged: 
 Data sizes:     COMRAM   BANK0   BANK1   BANK2   BANK3   BANK4   BANK5   BANK6   BANK7   BANK8   BANK9  BANK10  BANK11  BANK12  BANK13  BANK14  BANK15
      Params:         0       0       0       0       0       0       0       0       0       0       0       0       0       0       0       0       0
      Locals:         0       0       0       0       0       0       0       0       0       0       0       0       0       0       0       0       0
      Temps:          0       0       0       0       0       0       0       0       0       0       0       0       0       0       0       0       0
      Totals:         0       0       0       0       0       0       0       0       0       0       0       0       0       0       0       0       0
Total ram usage:        0 bytes
 Hardware stack levels used:    1
 Hardware stack levels required when called:    6
 This function calls:
		_LCDPutChar
		_LCDPutInst
		_LCDPutStr
		___awdiv
		___awmod
 This function is called by:
		_count_Clock
		_set_Clock
 This function uses a non-reentrant model


 *************** function ___awmod *****************
 Defined at:
		line 8 in file "C:\Program Files (x86)\Microchip\xc8\v1.45\sources\common\awmod.c"
 Parameters:    Size  Location     Type
  dividend        2   18[COMRAM] int 
  divisor         2   20[COMRAM] int 
 Auto vars:     Size  Location     Type
  sign            1   23[COMRAM] unsigned char 
  counter         1   22[COMRAM] unsigned char 
 Return value:  Size  Location     Type
                  2   18[COMRAM] int 
 Registers used:
		wreg, status,2, status,0
 Tracked objects:
		On entry : 
		On exit  : 
		Unchanged: 
 Data sizes:     COMRAM   BANK0   BANK1   BANK2   BANK3   BANK4   BANK5   BANK6   BANK7   BANK8   BANK9  BANK10  BANK11  BANK12  BANK13  BANK14  BANK15
      Params:         4       0       0       0       0       0       0       0       0       0       0       0       0       0       0       0       0
      Locals:         2       0       0       0       0       0       0       0       0       0       0       0       0       0       0       0       0
      Temps:          0       0       0       0       0       0       0       0       0       0       0       0       0       0       0       0       0
      Totals:         6       0       0       0       0       0       0       0       0       0       0       0       0       0       0       0       0
Total ram usage:        6 bytes
 Hardware stack levels used:    1
 Hardware stack levels required when called:    2
 This function calls:
		Nothing
 This function is called by:
		_disp_Clock
 This function uses a non-reentrant model


 *************** function ___awdiv *****************
 Defined at:
		line 8 in file "C:\Program Files (x86)\Microchip\xc8\v1.45\sources\common\awdiv.c"
 Parameters:    Size  Location     Type
  dividend        2   18[COMRAM] int 
  divisor         2   20[COMRAM] int 
 Auto vars:     Size  Location     Type
  quotient        2   24[COMRAM] int 
  sign            1   23[COMRAM] unsigned char 
  counter         1   22[COMRAM] unsigned char 
 Return value:  Size  Location     Type
                  2   18[COMRAM] int 
 Registers used:
		wreg, status,2, status,0
 Tracked objects:
		On entry : 
		On exit  : 
		Unchanged: 
 Data sizes:     COMRAM   BANK0   BANK1   BANK2   BANK3   BANK4   BANK5   BANK6   BANK7   BANK8   BANK9  BANK10  BANK11  BANK12  BANK13  BANK14  BANK15
      Params:         4       0       0       0       0       0       0       0       0       0       0       0       0       0       0       0       0
      Locals:         4       0       0       0       0       0       0       0       0       0       0       0       0       0       0       0       0
      Temps:          0       0       0       0       0       0       0       0       0       0       0       0       0       0       0       0       0
      Totals:         8       0       0       0       0       0       0       0       0       0       0       0       0       0       0       0       0
Total ram usage:        8 bytes
 Hardware stack levels used:    1
 Hardware stack levels required when called:    2
 This function calls:
		Nothing
 This function is called by:
		_disp_Clock
 This function uses a non-reentrant model


 *************** function _LCDPutStr *****************
 Defined at:
		line 198 in file "BBSPI_LCD.c"
 Parameters:    Size  Location     Type
  ptr             2   25[COMRAM] PTR const unsigned char 
		 -> STR_7(17), STR_6(16), STR_5(17), STR_4(17), 
		 -> STR_3(9), STR_2(17), STR_1(17), 
 Auto vars:     Size  Location     Type
		None
 Return value:  Size  Location     Type
                  1    wreg      void 
 Registers used:
		wreg, status,2, status,0, tblptrl, tblptrh, tblptru, cstack
 Tracked objects:
		On entry : 
		On exit  : 
		Unchanged: 
 Data sizes:     COMRAM   BANK0   BANK1   BANK2   BANK3   BANK4   BANK5   BANK6   BANK7   BANK8   BANK9  BANK10  BANK11  BANK12  BANK13  BANK14  BANK15
      Params:         2       0       0       0       0       0       0       0       0       0       0       0       0       0       0       0       0
      Locals:         0       0       0       0       0       0       0       0       0       0       0       0       0       0       0       0       0
      Temps:          0       0       0       0       0       0       0       0       0       0       0       0       0       0       0       0       0
      Totals:         2       0       0       0       0       0       0       0       0       0       0       0       0       0       0       0       0
Total ram usage:        2 bytes
 Hardware stack levels used:    1
 Hardware stack levels required when called:    5
 This function calls:
		_LCDPutChar
 This function is called by:
		_Clock
		_disp_Clock
		_count_Clock
		_set_Clock
		_Intro
 This function uses a non-reentrant model


 *************** function _LCDPutChar *****************
 Defined at:
		line 160 in file "BBSPI_LCD.c"
 Parameters:    Size  Location     Type
  ch              1    wreg     unsigned char 
 Auto vars:     Size  Location     Type
  ch              1   24[COMRAM] unsigned char 
 Return value:  Size  Location     Type
                  1    wreg      void 
 Registers used:
		wreg, status,2, status,0, cstack
 Tracked objects:
		On entry : 
		On exit  : 
		Unchanged: 
 Data sizes:     COMRAM   BANK0   BANK1   BANK2   BANK3   BANK4   BANK5   BANK6   BANK7   BANK8   BANK9  BANK10  BANK11  BANK12  BANK13  BANK14  BANK15
      Params:         0       0       0       0       0       0       0       0       0       0       0       0       0       0       0       0       0
      Locals:         1       0       0       0       0       0       0       0       0       0       0       0       0       0       0       0       0
      Temps:          1       0       0       0       0       0       0       0       0       0       0       0       0       0       0       0       0
      Totals:         2       0       0       0       0       0       0       0       0       0       0       0       0       0       0       0       0
Total ram usage:        2 bytes
 Hardware stack levels used:    1
 Hardware stack levels required when called:    4
 This function calls:
		_WritePort_BBSPI
 This function is called by:
		_LCDPutStr
		_disp_Clock
 This function uses a non-reentrant model


 *************** function _LCDPutInst *****************
 Defined at:
		line 179 in file "BBSPI_LCD.c"
 Parameters:    Size  Location     Type
  ch              1    wreg     unsigned char 
 Auto vars:     Size  Location     Type
  ch              1   24[COMRAM] unsigned char 
 Return value:  Size  Location     Type
                  1    wreg      void 
 Registers used:
		wreg, status,2, status,0, cstack
 Tracked objects:
		On entry : 
		On exit  : 
		Unchanged: 
 Data sizes:     COMRAM   BANK0   BANK1   BANK2   BANK3   BANK4   BANK5   BANK6   BANK7   BANK8   BANK9  BANK10  BANK11  BANK12  BANK13  BANK14  BANK15
      Params:         0       0       0       0       0       0       0       0       0       0       0       0       0       0       0       0       0
      Locals:         1       0       0       0       0       0       0       0       0       0       0       0       0       0       0       0       0
      Temps:          1       0       0       0       0       0       0       0       0       0       0       0       0       0       0       0       0
      Totals:         2       0       0       0       0       0       0       0       0       0       0       0       0       0       0       0       0
Total ram usage:        2 bytes
 Hardware stack levels used:    1
 Hardware stack levels required when called:    4
 This function calls:
		_WritePort_BBSPI
 This function is called by:
		_LCDInit
		_Clock
		_disp_Clock
		_count_Clock
		_set_Clock
		_Intro
 This function uses a non-reentrant model


 *************** function _WritePort_BBSPI *****************
 Defined at:
		line 144 in file "BBSPI_LCD.c"
 Parameters:    Size  Location     Type
  port_add        1    wreg     unsigned char 
  a               1   21[COMRAM] unsigned char 
 Auto vars:     Size  Location     Type
  port_add        1   22[COMRAM] unsigned char 
 Return value:  Size  Location     Type
                  1    wreg      void 
 Registers used:
		wreg, status,2, status,0, cstack
 Tracked objects:
		On entry : 
		On exit  : 
		Unchanged: 
 Data sizes:     COMRAM   BANK0   BANK1   BANK2   BANK3   BANK4   BANK5   BANK6   BANK7   BANK8   BANK9  BANK10  BANK11  BANK12  BANK13  BANK14  BANK15
      Params:         1       0       0       0       0       0       0       0       0       0       0       0       0       0       0       0       0
      Locals:         1       0       0       0       0       0       0       0       0       0       0       0       0       0       0       0       0
      Temps:          0       0       0       0       0       0       0       0       0       0       0       0       0       0       0       0       0
      Totals:         2       0       0       0       0       0       0       0       0       0       0       0       0       0       0       0       0
Total ram usage:        2 bytes
 Hardware stack levels used:    1
 Hardware stack levels required when called:    3
 This function calls:
		_SendByteBBSPI
 This function is called by:
		_LCDInit
		_LCDPutChar
		_LCDPutInst
 This function uses a non-reentrant model


 *************** function _SendByteBBSPI *****************
 Defined at:
		line 91 in file "BBSPI_LCD.c"
 Parameters:    Size  Location     Type
  output          1    wreg     unsigned char 
 Auto vars:     Size  Location     Type
  output          1   18[COMRAM] unsigned char 
  input           1   20[COMRAM] unsigned char 
  bitcount        1   19[COMRAM] unsigned char 
 Return value:  Size  Location     Type
                  1    wreg      void 
 Registers used:
		wreg, status,2, status,0
 Tracked objects:
		On entry : 
		On exit  : 
		Unchanged: 
 Data sizes:     COMRAM   BANK0   BANK1   BANK2   BANK3   BANK4   BANK5   BANK6   BANK7   BANK8   BANK9  BANK10  BANK11  BANK12  BANK13  BANK14  BANK15
      Params:         0       0       0       0       0       0       0       0       0       0       0       0       0       0       0       0       0
      Locals:         3       0       0       0       0       0       0       0       0       0       0       0       0       0       0       0       0
      Temps:          0       0       0       0       0       0       0       0       0       0       0       0       0       0       0       0       0
      Totals:         3       0       0       0       0       0       0       0       0       0       0       0       0       0       0       0       0
Total ram usage:        3 bytes
 Hardware stack levels used:    1
 Hardware stack levels required when called:    2
 This function calls:
		Nothing
 This function is called by:
		_Port_BBSPIInit
		_WritePort_BBSPI
 This function uses a non-reentrant model


 *************** function _SWdelay *****************
 Defined at:
		line 32 in file "SystemInitialize.c"
 Parameters:    Size  Location     Type
		None
 Auto vars:     Size  Location     Type
		None
 Return value:  Size  Location     Type
                  1    wreg      void 
 Registers used:
		wreg
 Tracked objects:
		On entry : 
		On exit  : 
		Unchanged: 
 Data sizes:     COMRAM   BANK0   BANK1   BANK2   BANK3   BANK4   BANK5   BANK6   BANK7   BANK8   BANK9  BANK10  BANK11  BANK12  BANK13  BANK14  BANK15
      Params:         0       0       0       0       0       0       0       0       0       0       0       0       0       0       0       0       0
      Locals:         0       0       0       0       0       0       0       0       0       0       0       0       0       0       0       0       0
      Temps:          1       0       0       0       0       0       0       0       0       0       0       0       0       0       0       0       0
      Totals:         1       0       0       0       0       0       0       0       0       0       0       0       0       0       0       0       0
Total ram usage:        1 bytes
 Hardware stack levels used:    1
 Hardware stack levels required when called:    2
 This function calls:
		Nothing
 This function is called by:
		_Clock
		_count_Clock
		_set_Clock
 This function uses a non-reentrant model


 *************** function _InterruptManager *****************
 Defined at:
		line 28 in file "InterruptManager.c"
 Parameters:    Size  Location     Type
		None
 Auto vars:     Size  Location     Type
		None
 Return value:  Size  Location     Type
                  1    wreg      void 
 Registers used:
		wreg, status,2, cstack
 Tracked objects:
		On entry : 
		On exit  : 
		Unchanged: 
 Data sizes:     COMRAM   BANK0   BANK1   BANK2   BANK3   BANK4   BANK5   BANK6   BANK7   BANK8   BANK9  BANK10  BANK11  BANK12  BANK13  BANK14  BANK15
      Params:         0       0       0       0       0       0       0       0       0       0       0       0       0       0       0       0       0
      Locals:         0       0       0       0       0       0       0       0       0       0       0       0       0       0       0       0       0
      Temps:         18       0       0       0       0       0       0       0       0       0       0       0       0       0       0       0       0
      Totals:        18       0       0       0       0       0       0       0       0       0       0       0       0       0       0       0       0
Total ram usage:       18 bytes
 Hardware stack levels used:    1
 Hardware stack levels required when called:    1
 This function calls:
		_TMR1InterruptRoutine
 This function is called by:
		Interrupt level 2
 This function uses a non-reentrant model


 *************** function _TMR1InterruptRoutine *****************
 Defined at:
		line 129 in file "tmr1.c"
 Parameters:    Size  Location     Type
		None
 Auto vars:     Size  Location     Type
		None
 Return value:  Size  Location     Type
                  1    wreg      void 
 Registers used:
		wreg, status,2
 Tracked objects:
		On entry : 
		On exit  : 
		Unchanged: 
 Data sizes:     COMRAM   BANK0   BANK1   BANK2   BANK3   BANK4   BANK5   BANK6   BANK7   BANK8   BANK9  BANK10  BANK11  BANK12  BANK13  BANK14  BANK15
      Params:         0       0       0       0       0       0       0       0       0       0       0       0       0       0       0       0       0
      Locals:         0       0       0       0       0       0       0       0       0       0       0       0       0       0       0       0       0
      Temps:          0       0       0       0       0       0       0       0       0       0       0       0       0       0       0       0       0
      Totals:         0       0       0       0       0       0       0       0       0       0       0       0       0       0       0       0       0
Total ram usage:        0 bytes
 Hardware stack levels used:    1
 This function calls:
		Nothing
 This function is called by:
		_InterruptManager
 This function uses a non-reentrant model



MODULE INFORMATION

Module		Function		Class		Link	Load	Size
tmr1.c
		_TMR1Initialize		CODE           	16A4	0000	29
		_TMR1Start     		CODE           	1744	0000	5
		_TMR1InterruptRoutine		CODE           	171C	0000	17

tmr1.c estimated size: 51

StateClock.c
		_set_Clock     		CODE           	124C	0000	127
		_disp_Clock    		CODE           	1070	0000	189
		_count_Clock   		CODE           	12CA	0000	119
		_Clock         		CODE           	158C	0000	79

StateClock.c estimated size: 514

InterruptManager.c
		_InterruptManager		CODE           	0008	0000	163
		_InterruptInitialize		CODE           	173A	0000	11

InterruptManager.c estimated size: 174

C:\Program Files (x86)\Microchip\xc8\v1.45\sources\common\awmod.c
		___awmod       		CODE           	1340	0000	113

C:\Program Files (x86)\Microchip\xc8\v1.45\sources\common\awmod.c estimated size: 113

BBSPI_LCD.c
		_LCDPutStr     		CODE           	15DA	0000	51
		_LCDPutChar    		CODE           	13B0	0000	103
		_SendByteBBSPI 		CODE           	153C	0000	81
		_LCDInit       		CODE           	147C	0000	97
		_LCDPutInst    		CODE           	1416	0000	103
		_WritePort_BBSPI		CODE           	16DA	0000	27
		_InitBBSPI     		CODE           	170A	0000	19
		_Port_BBSPIInit		CODE           	16C0	0000	27

BBSPI_LCD.c estimated size: 508

SystemInitialize.c
		_SWdelay       		CODE           	163C	0000	43
		_PortInitialize		CODE           	1686	0000	31
		_SysInitialize 		CODE           	172C	0000	15

SystemInitialize.c estimated size: 89

shared
		__initialization		CODE           	16F4	0000	13

shared estimated size: 13

StateIntro.c
		_Intro         		CODE           	160C	0000	49
		_IntroDelay    		CODE           	14DC	0000	97

StateIntro.c estimated size: 146

C:\Program Files (x86)\Microchip\xc8\v1.45\sources\common\awdiv.c
		___awdiv       		CODE           	11C8	0000	133

C:\Program Files (x86)\Microchip\xc8\v1.45\sources\common\awdiv.c estimated size: 133

main.c
		_main          		CODE           	1666	0000	33

main.c estimated size: 33

